Archive member included to satisfy reference by file (symbol)

.\CortexM0\ARM_GCC_541\Debug\Lab3.a(Timer_Counter.o)
                              .\CortexM0\ARM_GCC_541\Debug\main.o (Timer_Counter_Start)
.\CortexM0\ARM_GCC_541\Debug\Lab3.a(timer_isr.o)
                              .\CortexM0\ARM_GCC_541\Debug\main.o (timer_isr_StartEx)
.\CortexM0\ARM_GCC_541\Debug\Lab3.a(Control_Reg.o)
                              .\CortexM0\ARM_GCC_541\Debug\main.o (Control_Reg_Write)
.\CortexM0\ARM_GCC_541\Debug\Lab3.a(Button.o)
                              .\CortexM0\ARM_GCC_541\Debug\main.o (Button_ClearInterrupt)
.\CortexM0\ARM_GCC_541\Debug\Lab3.a(button_isr.o)
                              .\CortexM0\ARM_GCC_541\Debug\main.o (button_isr_StartEx)
.\CortexM0\ARM_GCC_541\Debug\Lab3.a(CyLib.o)
                              .\CortexM0\ARM_GCC_541\Debug\cyfitter_cfg.o (CyIntEnable)
.\CortexM0\ARM_GCC_541\Debug\Lab3.a(CyLFClk.o)
                              .\CortexM0\ARM_GCC_541\Debug\Lab3.a(CyLib.o) (CySysClkWcoEnabled)
.\CortexM0\ARM_GCC_541\Debug\Lab3.a(LCD_Char.o)
                              .\CortexM0\ARM_GCC_541\Debug\main.o (LCD_Char_PrintString)
.\CortexM0\ARM_GCC_541\Debug\Lab3.a(QuadDec.o)
                              .\CortexM0\ARM_GCC_541\Debug\main.o (QuadDec_GetCounter)
.\CortexM0\ARM_GCC_541\Debug\Lab3.a(QuadDec_Cnt8.o)
                              .\CortexM0\ARM_GCC_541\Debug\Lab3.a(QuadDec.o) (QuadDec_Cnt8_Stop)
.\CortexM0\ARM_GCC_541\Debug\Lab3.a(Button_Encoder.o)
                              .\CortexM0\ARM_GCC_541\Debug\main.o (Button_Encoder_ClearInterrupt)
.\CortexM0\ARM_GCC_541\Debug\Lab3.a(button_encoder_isr.o)
                              .\CortexM0\ARM_GCC_541\Debug\main.o (button_encoder_isr_StartEx)
.\CortexM0\ARM_GCC_541\Debug\Lab3.a(CyBootAsmGnu.o)
                              .\CortexM0\ARM_GCC_541\Debug\Lab3.a(CyLib.o) (CyDelayCycles)
.\CortexM0\ARM_GCC_541\Debug\Lab3.a(CyFlash.o)
                              .\CortexM0\ARM_GCC_541\Debug\Lab3.a(CyLib.o) (CySysFlashSetWaitCycles)
c:/program files (x86)/cypress/psoc creator/4.3/psoc creator/import/gnu/arm/5.4.1/bin/../lib/gcc/arm-none-eabi/5.4.1/armv6-m\libgcc.a(_udivsi3.o)
                              .\CortexM0\ARM_GCC_541\Debug\Lab3.a(CyLib.o) (__aeabi_uidiv)
c:/program files (x86)/cypress/psoc creator/4.3/psoc creator/import/gnu/arm/5.4.1/bin/../lib/gcc/arm-none-eabi/5.4.1/armv6-m\libgcc.a(_divsi3.o)
                              .\CortexM0\ARM_GCC_541\Debug\Lab3.a(CyLFClk.o) (__aeabi_idiv)
c:/program files (x86)/cypress/psoc creator/4.3/psoc creator/import/gnu/arm/5.4.1/bin/../lib/gcc/arm-none-eabi/5.4.1/armv6-m\libgcc.a(_dvmd_tls.o)
                              c:/program files (x86)/cypress/psoc creator/4.3/psoc creator/import/gnu/arm/5.4.1/bin/../lib/gcc/arm-none-eabi/5.4.1/armv6-m\libgcc.a(_udivsi3.o) (__aeabi_idiv0)
c:/program files (x86)/cypress/psoc creator/4.3/psoc creator/import/gnu/arm/5.4.1/bin/../lib/gcc/arm-none-eabi/5.4.1/../../../../arm-none-eabi/lib/armv6-m\libg_nano.a(lib_a-errno.o)
                              .\CortexM0\ARM_GCC_541\Debug\Cm0Start.o (__errno)
c:/program files (x86)/cypress/psoc creator/4.3/psoc creator/import/gnu/arm/5.4.1/bin/../lib/gcc/arm-none-eabi/5.4.1/../../../../arm-none-eabi/lib/armv6-m\libg_nano.a(lib_a-exit.o)
                              c:/program files (x86)/cypress/psoc creator/4.3/psoc creator/import/gnu/arm/5.4.1/bin/../lib/gcc/arm-none-eabi/5.4.1/../../../../arm-none-eabi/lib/armv6-m/crt0.o (exit)
c:/program files (x86)/cypress/psoc creator/4.3/psoc creator/import/gnu/arm/5.4.1/bin/../lib/gcc/arm-none-eabi/5.4.1/../../../../arm-none-eabi/lib/armv6-m\libg_nano.a(lib_a-impure.o)
                              c:/program files (x86)/cypress/psoc creator/4.3/psoc creator/import/gnu/arm/5.4.1/bin/../lib/gcc/arm-none-eabi/5.4.1/../../../../arm-none-eabi/lib/armv6-m\libg_nano.a(lib_a-exit.o) (_global_impure_ptr)
c:/program files (x86)/cypress/psoc creator/4.3/psoc creator/import/gnu/arm/5.4.1/bin/../lib/gcc/arm-none-eabi/5.4.1/../../../../arm-none-eabi/lib/armv6-m\libg_nano.a(lib_a-init.o)
                              c:/program files (x86)/cypress/psoc creator/4.3/psoc creator/import/gnu/arm/5.4.1/bin/../lib/gcc/arm-none-eabi/5.4.1/../../../../arm-none-eabi/lib/armv6-m/crt0.o (__libc_init_array)
c:/program files (x86)/cypress/psoc creator/4.3/psoc creator/import/gnu/arm/5.4.1/bin/../lib/gcc/arm-none-eabi/5.4.1/../../../../arm-none-eabi/lib/armv6-m\libg_nano.a(lib_a-memcpy-stub.o)
                              .\CortexM0\ARM_GCC_541\Debug\Lab3.a(CyFlash.o) (memcpy)
c:/program files (x86)/cypress/psoc creator/4.3/psoc creator/import/gnu/arm/5.4.1/bin/../lib/gcc/arm-none-eabi/5.4.1/../../../../arm-none-eabi/lib/armv6-m\libg_nano.a(lib_a-memset.o)
                              c:/program files (x86)/cypress/psoc creator/4.3/psoc creator/import/gnu/arm/5.4.1/bin/../lib/gcc/arm-none-eabi/5.4.1/../../../../arm-none-eabi/lib/armv6-m/crt0.o (memset)

Allocating common symbols
Common symbol       size              file

yellowTime          0x1               .\CortexM0\ARM_GCC_541\Debug\main.o
redTime             0x1               .\CortexM0\ARM_GCC_541\Debug\main.o
greenTime           0x1               .\CortexM0\ARM_GCC_541\Debug\main.o

Discarded input sections

 .text          0x00000000        0x0 c:/program files (x86)/cypress/psoc creator/4.3/psoc creator/import/gnu/arm/5.4.1/bin/../lib/gcc/arm-none-eabi/5.4.1/armv6-m/crti.o
 .data          0x00000000        0x0 c:/program files (x86)/cypress/psoc creator/4.3/psoc creator/import/gnu/arm/5.4.1/bin/../lib/gcc/arm-none-eabi/5.4.1/armv6-m/crti.o
 .bss           0x00000000        0x0 c:/program files (x86)/cypress/psoc creator/4.3/psoc creator/import/gnu/arm/5.4.1/bin/../lib/gcc/arm-none-eabi/5.4.1/armv6-m/crti.o
 .data          0x00000000        0x4 c:/program files (x86)/cypress/psoc creator/4.3/psoc creator/import/gnu/arm/5.4.1/bin/../lib/gcc/arm-none-eabi/5.4.1/armv6-m/crtbegin.o
 .text          0x00000000       0x78 c:/program files (x86)/cypress/psoc creator/4.3/psoc creator/import/gnu/arm/5.4.1/bin/../lib/gcc/arm-none-eabi/5.4.1/../../../../arm-none-eabi/lib/armv6-m/crt0.o
 .data          0x00000000        0x0 c:/program files (x86)/cypress/psoc creator/4.3/psoc creator/import/gnu/arm/5.4.1/bin/../lib/gcc/arm-none-eabi/5.4.1/../../../../arm-none-eabi/lib/armv6-m/crt0.o
 .bss           0x00000000        0x0 c:/program files (x86)/cypress/psoc creator/4.3/psoc creator/import/gnu/arm/5.4.1/bin/../lib/gcc/arm-none-eabi/5.4.1/../../../../arm-none-eabi/lib/armv6-m/crt0.o
 .ARM.extab     0x00000000        0x0 c:/program files (x86)/cypress/psoc creator/4.3/psoc creator/import/gnu/arm/5.4.1/bin/../lib/gcc/arm-none-eabi/5.4.1/../../../../arm-none-eabi/lib/armv6-m/crt0.o
 .ARM.exidx     0x00000000        0x8 c:/program files (x86)/cypress/psoc creator/4.3/psoc creator/import/gnu/arm/5.4.1/bin/../lib/gcc/arm-none-eabi/5.4.1/../../../../arm-none-eabi/lib/armv6-m/crt0.o
 .text          0x00000000        0x0 .\CortexM0\ARM_GCC_541\Debug\main.o
 .data          0x00000000        0x0 .\CortexM0\ARM_GCC_541\Debug\main.o
 .text          0x00000000        0x0 .\CortexM0\ARM_GCC_541\Debug\cyfitter_cfg.o
 .data          0x00000000        0x0 .\CortexM0\ARM_GCC_541\Debug\cyfitter_cfg.o
 .bss           0x00000000        0x0 .\CortexM0\ARM_GCC_541\Debug\cyfitter_cfg.o
 .text          0x00000000        0x0 .\CortexM0\ARM_GCC_541\Debug\cymetadata.o
 .data          0x00000000        0x0 .\CortexM0\ARM_GCC_541\Debug\cymetadata.o
 .bss           0x00000000        0x0 .\CortexM0\ARM_GCC_541\Debug\cymetadata.o
 .text          0x00000000        0x0 .\CortexM0\ARM_GCC_541\Debug\Cm0Start.o
 .data          0x00000000        0x4 .\CortexM0\ARM_GCC_541\Debug\Cm0Start.o
 .bss           0x00000000        0x0 .\CortexM0\ARM_GCC_541\Debug\Cm0Start.o
 .text._exit    0x00000000        0xc .\CortexM0\ARM_GCC_541\Debug\Cm0Start.o
 .text._sbrk    0x00000000       0x30 .\CortexM0\ARM_GCC_541\Debug\Cm0Start.o
 .text          0x00000000        0x0 .\CortexM0\ARM_GCC_541\Debug\Lab3.a(Timer_Counter.o)
 .data          0x00000000        0x0 .\CortexM0\ARM_GCC_541\Debug\Lab3.a(Timer_Counter.o)
 .text.Timer_Counter_Stop
                0x00000000       0x1c .\CortexM0\ARM_GCC_541\Debug\Lab3.a(Timer_Counter.o)
 .text.Timer_Counter_SetMode
                0x00000000       0x28 .\CortexM0\ARM_GCC_541\Debug\Lab3.a(Timer_Counter.o)
 .text.Timer_Counter_SetQDMode
                0x00000000       0x28 .\CortexM0\ARM_GCC_541\Debug\Lab3.a(Timer_Counter.o)
 .text.Timer_Counter_SetPrescaler
                0x00000000       0x28 .\CortexM0\ARM_GCC_541\Debug\Lab3.a(Timer_Counter.o)
 .text.Timer_Counter_SetOneShot
                0x00000000       0x30 .\CortexM0\ARM_GCC_541\Debug\Lab3.a(Timer_Counter.o)
 .text.Timer_Counter_SetPWMMode
                0x00000000       0x10 .\CortexM0\ARM_GCC_541\Debug\Lab3.a(Timer_Counter.o)
 .text.Timer_Counter_SetPWMSyncKill
                0x00000000       0x28 .\CortexM0\ARM_GCC_541\Debug\Lab3.a(Timer_Counter.o)
 .text.Timer_Counter_SetPWMStopOnKill
                0x00000000       0x28 .\CortexM0\ARM_GCC_541\Debug\Lab3.a(Timer_Counter.o)
 .text.Timer_Counter_SetPWMDeadTime
                0x00000000       0x2c .\CortexM0\ARM_GCC_541\Debug\Lab3.a(Timer_Counter.o)
 .text.Timer_Counter_SetPWMInvert
                0x00000000       0x28 .\CortexM0\ARM_GCC_541\Debug\Lab3.a(Timer_Counter.o)
 .text.Timer_Counter_ReadCounter
                0x00000000       0x10 .\CortexM0\ARM_GCC_541\Debug\Lab3.a(Timer_Counter.o)
 .text.Timer_Counter_SetCounterMode
                0x00000000       0x28 .\CortexM0\ARM_GCC_541\Debug\Lab3.a(Timer_Counter.o)
 .text.Timer_Counter_ReadPeriod
                0x00000000       0x10 .\CortexM0\ARM_GCC_541\Debug\Lab3.a(Timer_Counter.o)
 .text.Timer_Counter_SetCompareSwap
                0x00000000       0x24 .\CortexM0\ARM_GCC_541\Debug\Lab3.a(Timer_Counter.o)
 .text.Timer_Counter_WritePeriodBuf
                0x00000000       0x10 .\CortexM0\ARM_GCC_541\Debug\Lab3.a(Timer_Counter.o)
 .text.Timer_Counter_ReadPeriodBuf
                0x00000000       0x10 .\CortexM0\ARM_GCC_541\Debug\Lab3.a(Timer_Counter.o)
 .text.Timer_Counter_SetPeriodSwap
                0x00000000       0x28 .\CortexM0\ARM_GCC_541\Debug\Lab3.a(Timer_Counter.o)
 .text.Timer_Counter_WriteCompare
                0x00000000       0x10 .\CortexM0\ARM_GCC_541\Debug\Lab3.a(Timer_Counter.o)
 .text.Timer_Counter_ReadCompare
                0x00000000       0x10 .\CortexM0\ARM_GCC_541\Debug\Lab3.a(Timer_Counter.o)
 .text.Timer_Counter_WriteCompareBuf
                0x00000000       0x10 .\CortexM0\ARM_GCC_541\Debug\Lab3.a(Timer_Counter.o)
 .text.Timer_Counter_ReadCompareBuf
                0x00000000       0x10 .\CortexM0\ARM_GCC_541\Debug\Lab3.a(Timer_Counter.o)
 .text.Timer_Counter_ReadCapture
                0x00000000       0x10 .\CortexM0\ARM_GCC_541\Debug\Lab3.a(Timer_Counter.o)
 .text.Timer_Counter_ReadCaptureBuf
                0x00000000       0x10 .\CortexM0\ARM_GCC_541\Debug\Lab3.a(Timer_Counter.o)
 .text.Timer_Counter_SetCaptureMode
                0x00000000       0x24 .\CortexM0\ARM_GCC_541\Debug\Lab3.a(Timer_Counter.o)
 .text.Timer_Counter_SetReloadMode
                0x00000000       0x24 .\CortexM0\ARM_GCC_541\Debug\Lab3.a(Timer_Counter.o)
 .text.Timer_Counter_SetStartMode
                0x00000000       0x28 .\CortexM0\ARM_GCC_541\Debug\Lab3.a(Timer_Counter.o)
 .text.Timer_Counter_SetStopMode
                0x00000000       0x24 .\CortexM0\ARM_GCC_541\Debug\Lab3.a(Timer_Counter.o)
 .text.Timer_Counter_SetCountMode
                0x00000000       0x24 .\CortexM0\ARM_GCC_541\Debug\Lab3.a(Timer_Counter.o)
 .text.Timer_Counter_ReadStatus
                0x00000000       0x14 .\CortexM0\ARM_GCC_541\Debug\Lab3.a(Timer_Counter.o)
 .text.Timer_Counter_GetInterruptSourceMasked
                0x00000000        0xc .\CortexM0\ARM_GCC_541\Debug\Lab3.a(Timer_Counter.o)
 .text.Timer_Counter_GetInterruptSource
                0x00000000        0xc .\CortexM0\ARM_GCC_541\Debug\Lab3.a(Timer_Counter.o)
 .text.Timer_Counter_SetInterrupt
                0x00000000        0xc .\CortexM0\ARM_GCC_541\Debug\Lab3.a(Timer_Counter.o)
 .text          0x00000000        0x0 .\CortexM0\ARM_GCC_541\Debug\Lab3.a(timer_isr.o)
 .data          0x00000000        0x0 .\CortexM0\ARM_GCC_541\Debug\Lab3.a(timer_isr.o)
 .bss           0x00000000        0x0 .\CortexM0\ARM_GCC_541\Debug\Lab3.a(timer_isr.o)
 .text.timer_isr_Interrupt
                0x00000000        0x4 .\CortexM0\ARM_GCC_541\Debug\Lab3.a(timer_isr.o)
 .text.timer_isr_GetVector
                0x00000000        0xc .\CortexM0\ARM_GCC_541\Debug\Lab3.a(timer_isr.o)
 .text.timer_isr_GetPriority
                0x00000000        0xc .\CortexM0\ARM_GCC_541\Debug\Lab3.a(timer_isr.o)
 .text.timer_isr_GetState
                0x00000000       0x14 .\CortexM0\ARM_GCC_541\Debug\Lab3.a(timer_isr.o)
 .text.timer_isr_Start
                0x00000000       0x1c .\CortexM0\ARM_GCC_541\Debug\Lab3.a(timer_isr.o)
 .text.timer_isr_Stop
                0x00000000       0x14 .\CortexM0\ARM_GCC_541\Debug\Lab3.a(timer_isr.o)
 .text.timer_isr_SetPending
                0x00000000       0x10 .\CortexM0\ARM_GCC_541\Debug\Lab3.a(timer_isr.o)
 .text.timer_isr_ClearPending
                0x00000000       0x10 .\CortexM0\ARM_GCC_541\Debug\Lab3.a(timer_isr.o)
 .text          0x00000000        0x0 .\CortexM0\ARM_GCC_541\Debug\Lab3.a(Control_Reg.o)
 .data          0x00000000        0x0 .\CortexM0\ARM_GCC_541\Debug\Lab3.a(Control_Reg.o)
 .bss           0x00000000        0x0 .\CortexM0\ARM_GCC_541\Debug\Lab3.a(Control_Reg.o)
 .text.Control_Reg_Read
                0x00000000        0xc .\CortexM0\ARM_GCC_541\Debug\Lab3.a(Control_Reg.o)
 .text          0x00000000        0x0 .\CortexM0\ARM_GCC_541\Debug\Lab3.a(Button.o)
 .data          0x00000000        0x0 .\CortexM0\ARM_GCC_541\Debug\Lab3.a(Button.o)
 .bss           0x00000000        0x0 .\CortexM0\ARM_GCC_541\Debug\Lab3.a(Button.o)
 .text.Button_SetDriveMode
                0x00000000       0x18 .\CortexM0\ARM_GCC_541\Debug\Lab3.a(Button.o)
 .text.Button_Write
                0x00000000       0x18 .\CortexM0\ARM_GCC_541\Debug\Lab3.a(Button.o)
 .text.Button_Read
                0x00000000       0x10 .\CortexM0\ARM_GCC_541\Debug\Lab3.a(Button.o)
 .text.Button_ReadDataReg
                0x00000000       0x10 .\CortexM0\ARM_GCC_541\Debug\Lab3.a(Button.o)
 .text.Button_SetInterruptMode
                0x00000000       0x14 .\CortexM0\ARM_GCC_541\Debug\Lab3.a(Button.o)
 .text          0x00000000        0x0 .\CortexM0\ARM_GCC_541\Debug\Lab3.a(button_isr.o)
 .data          0x00000000        0x0 .\CortexM0\ARM_GCC_541\Debug\Lab3.a(button_isr.o)
 .bss           0x00000000        0x0 .\CortexM0\ARM_GCC_541\Debug\Lab3.a(button_isr.o)
 .text.button_isr_Interrupt
                0x00000000        0x4 .\CortexM0\ARM_GCC_541\Debug\Lab3.a(button_isr.o)
 .text.button_isr_GetVector
                0x00000000        0xc .\CortexM0\ARM_GCC_541\Debug\Lab3.a(button_isr.o)
 .text.button_isr_GetPriority
                0x00000000       0x10 .\CortexM0\ARM_GCC_541\Debug\Lab3.a(button_isr.o)
 .text.button_isr_GetState
                0x00000000       0x10 .\CortexM0\ARM_GCC_541\Debug\Lab3.a(button_isr.o)
 .text.button_isr_Start
                0x00000000       0x1c .\CortexM0\ARM_GCC_541\Debug\Lab3.a(button_isr.o)
 .text.button_isr_Stop
                0x00000000       0x14 .\CortexM0\ARM_GCC_541\Debug\Lab3.a(button_isr.o)
 .text.button_isr_SetPending
                0x00000000        0xc .\CortexM0\ARM_GCC_541\Debug\Lab3.a(button_isr.o)
 .text.button_isr_ClearPending
                0x00000000        0xc .\CortexM0\ARM_GCC_541\Debug\Lab3.a(button_isr.o)
 .text          0x00000000        0x0 .\CortexM0\ARM_GCC_541\Debug\Lab3.a(CyLib.o)
 .bss           0x00000000       0x18 .\CortexM0\ARM_GCC_541\Debug\Lab3.a(CyLib.o)
 .text.CySysClkImoStart
                0x00000000       0x14 .\CortexM0\ARM_GCC_541\Debug\Lab3.a(CyLib.o)
 .text.CySysClkImoStop
                0x00000000       0x18 .\CortexM0\ARM_GCC_541\Debug\Lab3.a(CyLib.o)
 .text.CySysClkWriteHfclkDirect
                0x00000000       0x20 .\CortexM0\ARM_GCC_541\Debug\Lab3.a(CyLib.o)
 .text.CySysEnablePumpClock
                0x00000000       0x38 .\CortexM0\ARM_GCC_541\Debug\Lab3.a(CyLib.o)
 .text.CySysClkGetSysclkSource
                0x00000000       0x1c .\CortexM0\ARM_GCC_541\Debug\Lab3.a(CyLib.o)
 .text.CySysClkWriteSysclkDiv
                0x00000000       0x30 .\CortexM0\ARM_GCC_541\Debug\Lab3.a(CyLib.o)
 .text.CySysLvdDisable
                0x00000000       0x20 .\CortexM0\ARM_GCC_541\Debug\Lab3.a(CyLib.o)
 .text.CySysLvdGetInterruptSource
                0x00000000       0x10 .\CortexM0\ARM_GCC_541\Debug\Lab3.a(CyLib.o)
 .text.CySysLvdClearInterrupt
                0x00000000        0xc .\CortexM0\ARM_GCC_541\Debug\Lab3.a(CyLib.o)
 .text.CySysGetResetReason
                0x00000000       0x14 .\CortexM0\ARM_GCC_541\Debug\Lab3.a(CyLib.o)
 .text.CyDisableInts
                0x00000000       0x10 .\CortexM0\ARM_GCC_541\Debug\Lab3.a(CyLib.o)
 .text.CyEnableInts
                0x00000000        0xc .\CortexM0\ARM_GCC_541\Debug\Lab3.a(CyLib.o)
 .text.CyIntGetState
                0x00000000       0x18 .\CortexM0\ARM_GCC_541\Debug\Lab3.a(CyLib.o)
 .text.CyIntDisable
                0x00000000       0x14 .\CortexM0\ARM_GCC_541\Debug\Lab3.a(CyLib.o)
 .text.CyIntSetPending
                0x00000000       0x14 .\CortexM0\ARM_GCC_541\Debug\Lab3.a(CyLib.o)
 .text.CyIntClearPending
                0x00000000       0x14 .\CortexM0\ARM_GCC_541\Debug\Lab3.a(CyLib.o)
 .text.CyIntSetSysVector
                0x00000000       0x20 .\CortexM0\ARM_GCC_541\Debug\Lab3.a(CyLib.o)
 .text.CyIntGetSysVector
                0x00000000       0x1c .\CortexM0\ARM_GCC_541\Debug\Lab3.a(CyLib.o)
 .text.CyIntGetVector
                0x00000000       0x20 .\CortexM0\ARM_GCC_541\Debug\Lab3.a(CyLib.o)
 .text.CyIntSetPriority
                0x00000000       0x4c .\CortexM0\ARM_GCC_541\Debug\Lab3.a(CyLib.o)
 .text.CyIntGetPriority
                0x00000000       0x2c .\CortexM0\ARM_GCC_541\Debug\Lab3.a(CyLib.o)
 .text.CySoftwareReset
                0x00000000       0x18 .\CortexM0\ARM_GCC_541\Debug\Lab3.a(CyLib.o)
 .text.CySysLvdEnable
                0x00000000       0x44 .\CortexM0\ARM_GCC_541\Debug\Lab3.a(CyLib.o)
 .text.CyDelayFreq
                0x00000000       0x4c .\CortexM0\ARM_GCC_541\Debug\Lab3.a(CyLib.o)
 .text.CySysTickStop
                0x00000000       0x10 .\CortexM0\ARM_GCC_541\Debug\Lab3.a(CyLib.o)
 .text.CySysTickEnableInterrupt
                0x00000000       0x10 .\CortexM0\ARM_GCC_541\Debug\Lab3.a(CyLib.o)
 .text.CySysTickEnable
                0x00000000       0x18 .\CortexM0\ARM_GCC_541\Debug\Lab3.a(CyLib.o)
 .text.CySysTickDisableInterrupt
                0x00000000       0x10 .\CortexM0\ARM_GCC_541\Debug\Lab3.a(CyLib.o)
 .text.CySysTickSetReload
                0x00000000       0x10 .\CortexM0\ARM_GCC_541\Debug\Lab3.a(CyLib.o)
 .text.CySysTickGetReload
                0x00000000       0x10 .\CortexM0\ARM_GCC_541\Debug\Lab3.a(CyLib.o)
 .text.CySysTickGetValue
                0x00000000       0x10 .\CortexM0\ARM_GCC_541\Debug\Lab3.a(CyLib.o)
 .text.CySysTickSetClockSource
                0x00000000       0x20 .\CortexM0\ARM_GCC_541\Debug\Lab3.a(CyLib.o)
 .text.CySysTickGetClockSource
                0x00000000       0x10 .\CortexM0\ARM_GCC_541\Debug\Lab3.a(CyLib.o)
 .text.CySysTickGetCountFlag
                0x00000000       0x10 .\CortexM0\ARM_GCC_541\Debug\Lab3.a(CyLib.o)
 .text.CySysTickServiceCallbacks
                0x00000000       0x28 .\CortexM0\ARM_GCC_541\Debug\Lab3.a(CyLib.o)
 .text.CySysTickClear
                0x00000000        0xc .\CortexM0\ARM_GCC_541\Debug\Lab3.a(CyLib.o)
 .text.CySysTickInit
                0x00000000       0x44 .\CortexM0\ARM_GCC_541\Debug\Lab3.a(CyLib.o)
 .text.CySysTickStart
                0x00000000       0x20 .\CortexM0\ARM_GCC_541\Debug\Lab3.a(CyLib.o)
 .text.CySysTickSetCallback
                0x00000000       0x10 .\CortexM0\ARM_GCC_541\Debug\Lab3.a(CyLib.o)
 .text.CySysTickGetCallback
                0x00000000        0xc .\CortexM0\ARM_GCC_541\Debug\Lab3.a(CyLib.o)
 .text.CyGetUniqueId
                0x00000000       0x70 .\CortexM0\ARM_GCC_541\Debug\Lab3.a(CyLib.o)
 .text.CySysSetRamAccessArbPriority
                0x00000000       0x20 .\CortexM0\ARM_GCC_541\Debug\Lab3.a(CyLib.o)
 .text.CySysSetFlashAccessArbPriority
                0x00000000       0x20 .\CortexM0\ARM_GCC_541\Debug\Lab3.a(CyLib.o)
 .text.CySysSetDmacAccessArbPriority
                0x00000000       0x20 .\CortexM0\ARM_GCC_541\Debug\Lab3.a(CyLib.o)
 .text.CySysSetPeripheralAccessArbPriority
                0x00000000       0x68 .\CortexM0\ARM_GCC_541\Debug\Lab3.a(CyLib.o)
 .text          0x00000000        0x0 .\CortexM0\ARM_GCC_541\Debug\Lab3.a(CyLFClk.o)
 .text.CySysClkIloEnabled
                0x00000000       0x14 .\CortexM0\ARM_GCC_541\Debug\Lab3.a(CyLFClk.o)
 .text.CySysClkGetLfclkSource
                0x00000000       0x10 .\CortexM0\ARM_GCC_541\Debug\Lab3.a(CyLFClk.o)
 .text.CySysClkIloStart
                0x00000000       0x14 .\CortexM0\ARM_GCC_541\Debug\Lab3.a(CyLFClk.o)
 .text.CySysClkIloStartMeasurement
                0x00000000       0x5c .\CortexM0\ARM_GCC_541\Debug\Lab3.a(CyLFClk.o)
 .text.CySysClkIloStopMeasurement
                0x00000000       0x14 .\CortexM0\ARM_GCC_541\Debug\Lab3.a(CyLFClk.o)
 .text.CySysClkIloCompensate
                0x00000000      0x104 .\CortexM0\ARM_GCC_541\Debug\Lab3.a(CyLFClk.o)
 .text.CySysClkIloUpdateTrimReg
                0x00000000       0xa8 .\CortexM0\ARM_GCC_541\Debug\Lab3.a(CyLFClk.o)
 .text.CySysClkIloTrim
                0x00000000       0xd8 .\CortexM0\ARM_GCC_541\Debug\Lab3.a(CyLFClk.o)
 .text.CySysClkIloRestoreFactoryTrim
                0x00000000       0x30 .\CortexM0\ARM_GCC_541\Debug\Lab3.a(CyLFClk.o)
 .text.CySysClkWcoStart
                0x00000000       0x40 .\CortexM0\ARM_GCC_541\Debug\Lab3.a(CyLFClk.o)
 .text.CySysClkWcoSetPowerMode
                0x00000000       0x4c .\CortexM0\ARM_GCC_541\Debug\Lab3.a(CyLFClk.o)
 .text.CySysClkWcoClockOutSelect
                0x00000000       0x2c .\CortexM0\ARM_GCC_541\Debug\Lab3.a(CyLFClk.o)
 .text.CySysWdtGetEnabledStatus
                0x00000000       0x24 .\CortexM0\ARM_GCC_541\Debug\Lab3.a(CyLFClk.o)
 .text.CySysWdtSetMode
                0x00000000       0x38 .\CortexM0\ARM_GCC_541\Debug\Lab3.a(CyLFClk.o)
 .text.CySysClkLfclkPosedgeRestore
                0x00000000       0x2c .\CortexM0\ARM_GCC_541\Debug\Lab3.a(CyLFClk.o)
 .text.CySysWdtGetMode
                0x00000000       0x14 .\CortexM0\ARM_GCC_541\Debug\Lab3.a(CyLFClk.o)
 .text.CySysWdtSetClearOnMatch
                0x00000000       0x34 .\CortexM0\ARM_GCC_541\Debug\Lab3.a(CyLFClk.o)
 .text.CySysWdtGetClearOnMatch
                0x00000000       0x24 .\CortexM0\ARM_GCC_541\Debug\Lab3.a(CyLFClk.o)
 .text.CySysWdtEnable
                0x00000000       0x3c .\CortexM0\ARM_GCC_541\Debug\Lab3.a(CyLFClk.o)
 .text.CySysWdtDisable
                0x00000000       0x44 .\CortexM0\ARM_GCC_541\Debug\Lab3.a(CyLFClk.o)
 .text.CySysWdtSetCascade
                0x00000000       0x34 .\CortexM0\ARM_GCC_541\Debug\Lab3.a(CyLFClk.o)
 .text.CySysWdtGetCascade
                0x00000000       0x14 .\CortexM0\ARM_GCC_541\Debug\Lab3.a(CyLFClk.o)
 .text.CySysWdtSetMatch
                0x00000000       0x54 .\CortexM0\ARM_GCC_541\Debug\Lab3.a(CyLFClk.o)
 .text.CySysWdtSetToggleBit
                0x00000000       0x30 .\CortexM0\ARM_GCC_541\Debug\Lab3.a(CyLFClk.o)
 .text.CySysWdtGetToggleBit
                0x00000000       0x10 .\CortexM0\ARM_GCC_541\Debug\Lab3.a(CyLFClk.o)
 .text.CySysWdtGetMatch
                0x00000000       0x20 .\CortexM0\ARM_GCC_541\Debug\Lab3.a(CyLFClk.o)
 .text.CySysWdtGetCount
                0x00000000       0x3c .\CortexM0\ARM_GCC_541\Debug\Lab3.a(CyLFClk.o)
 .text.CySysClkLfclkPosedgeCatch
                0x00000000       0x74 .\CortexM0\ARM_GCC_541\Debug\Lab3.a(CyLFClk.o)
 .text.CySysClkIloStop
                0x00000000       0x4c .\CortexM0\ARM_GCC_541\Debug\Lab3.a(CyLFClk.o)
 .text.CySysClkSetLfclkSource
                0x00000000       0x38 .\CortexM0\ARM_GCC_541\Debug\Lab3.a(CyLFClk.o)
 .text.CySysClkWcoStop
                0x00000000       0x48 .\CortexM0\ARM_GCC_541\Debug\Lab3.a(CyLFClk.o)
 .text.CySysWdtGetInterruptSource
                0x00000000       0x14 .\CortexM0\ARM_GCC_541\Debug\Lab3.a(CyLFClk.o)
 .text.CySysWdtResetCounters
                0x00000000       0x20 .\CortexM0\ARM_GCC_541\Debug\Lab3.a(CyLFClk.o)
 .text.CySysWdtSetInterruptCallback
                0x00000000       0x20 .\CortexM0\ARM_GCC_541\Debug\Lab3.a(CyLFClk.o)
 .text.CySysWdtGetInterruptCallback
                0x00000000       0x20 .\CortexM0\ARM_GCC_541\Debug\Lab3.a(CyLFClk.o)
 .text.CySysWdtEnableCounterIsr
                0x00000000       0x34 .\CortexM0\ARM_GCC_541\Debug\Lab3.a(CyLFClk.o)
 .text.CySysWdtDisableCounterIsr
                0x00000000       0x28 .\CortexM0\ARM_GCC_541\Debug\Lab3.a(CyLFClk.o)
 .text.CySysWatchdogFeed
                0x00000000       0x60 .\CortexM0\ARM_GCC_541\Debug\Lab3.a(CyLFClk.o)
 .text.CySysTimerDelayUntilMatch
                0x00000000       0x6c .\CortexM0\ARM_GCC_541\Debug\Lab3.a(CyLFClk.o)
 .text.CySysTimerDelay
                0x00000000       0x3c .\CortexM0\ARM_GCC_541\Debug\Lab3.a(CyLFClk.o)
 .rodata        0x00000000        0xc .\CortexM0\ARM_GCC_541\Debug\Lab3.a(CyLFClk.o)
 .text          0x00000000        0x0 .\CortexM0\ARM_GCC_541\Debug\Lab3.a(LCD_Char.o)
 .data          0x00000000        0x0 .\CortexM0\ARM_GCC_541\Debug\Lab3.a(LCD_Char.o)
 .text.LCD_Char_Stop
                0x00000000       0x14 .\CortexM0\ARM_GCC_541\Debug\Lab3.a(LCD_Char.o)
 .text.LCD_Char_PrintInt8
                0x00000000       0x20 .\CortexM0\ARM_GCC_541\Debug\Lab3.a(LCD_Char.o)
 .text.LCD_Char_PrintInt16
                0x00000000       0x14 .\CortexM0\ARM_GCC_541\Debug\Lab3.a(LCD_Char.o)
 .text.LCD_Char_PrintInt32
                0x00000000       0x1c .\CortexM0\ARM_GCC_541\Debug\Lab3.a(LCD_Char.o)
 .rodata        0x00000000       0x10 .\CortexM0\ARM_GCC_541\Debug\Lab3.a(LCD_Char.o)
 .text          0x00000000        0x0 .\CortexM0\ARM_GCC_541\Debug\Lab3.a(QuadDec.o)
 .data          0x00000000        0x0 .\CortexM0\ARM_GCC_541\Debug\Lab3.a(QuadDec.o)
 .text.QuadDec_Init
                0x00000000        0x4 .\CortexM0\ARM_GCC_541\Debug\Lab3.a(QuadDec.o)
 .text.QuadDec_Stop
                0x00000000       0x20 .\CortexM0\ARM_GCC_541\Debug\Lab3.a(QuadDec.o)
 .text.QuadDec_GetInterruptMask
                0x00000000       0x10 .\CortexM0\ARM_GCC_541\Debug\Lab3.a(QuadDec.o)
 .text          0x00000000        0x0 .\CortexM0\ARM_GCC_541\Debug\Lab3.a(QuadDec_Cnt8.o)
 .data          0x00000000        0x0 .\CortexM0\ARM_GCC_541\Debug\Lab3.a(QuadDec_Cnt8.o)
 .text.QuadDec_Cnt8_Stop
                0x00000000       0x10 .\CortexM0\ARM_GCC_541\Debug\Lab3.a(QuadDec_Cnt8.o)
 .text.QuadDec_Cnt8_ReadControlRegister
                0x00000000        0xc .\CortexM0\ARM_GCC_541\Debug\Lab3.a(QuadDec_Cnt8.o)
 .text.QuadDec_Cnt8_WriteControlRegister
                0x00000000        0xc .\CortexM0\ARM_GCC_541\Debug\Lab3.a(QuadDec_Cnt8.o)
 .text.QuadDec_Cnt8_ReadPeriod
                0x00000000        0xc .\CortexM0\ARM_GCC_541\Debug\Lab3.a(QuadDec_Cnt8.o)
 .text.QuadDec_Cnt8_ReadCompare
                0x00000000        0xc .\CortexM0\ARM_GCC_541\Debug\Lab3.a(QuadDec_Cnt8.o)
 .text          0x00000000        0x0 .\CortexM0\ARM_GCC_541\Debug\Lab3.a(Button_Encoder.o)
 .data          0x00000000        0x0 .\CortexM0\ARM_GCC_541\Debug\Lab3.a(Button_Encoder.o)
 .bss           0x00000000        0x0 .\CortexM0\ARM_GCC_541\Debug\Lab3.a(Button_Encoder.o)
 .text.Button_Encoder_SetDriveMode
                0x00000000       0x14 .\CortexM0\ARM_GCC_541\Debug\Lab3.a(Button_Encoder.o)
 .text.Button_Encoder_Write
                0x00000000       0x18 .\CortexM0\ARM_GCC_541\Debug\Lab3.a(Button_Encoder.o)
 .text.Button_Encoder_Read
                0x00000000       0x10 .\CortexM0\ARM_GCC_541\Debug\Lab3.a(Button_Encoder.o)
 .text.Button_Encoder_ReadDataReg
                0x00000000       0x10 .\CortexM0\ARM_GCC_541\Debug\Lab3.a(Button_Encoder.o)
 .text.Button_Encoder_SetInterruptMode
                0x00000000       0x14 .\CortexM0\ARM_GCC_541\Debug\Lab3.a(Button_Encoder.o)
 .text          0x00000000        0x0 .\CortexM0\ARM_GCC_541\Debug\Lab3.a(button_encoder_isr.o)
 .data          0x00000000        0x0 .\CortexM0\ARM_GCC_541\Debug\Lab3.a(button_encoder_isr.o)
 .bss           0x00000000        0x0 .\CortexM0\ARM_GCC_541\Debug\Lab3.a(button_encoder_isr.o)
 .text.button_encoder_isr_Interrupt
                0x00000000        0x4 .\CortexM0\ARM_GCC_541\Debug\Lab3.a(button_encoder_isr.o)
 .text.button_encoder_isr_GetVector
                0x00000000        0xc .\CortexM0\ARM_GCC_541\Debug\Lab3.a(button_encoder_isr.o)
 .text.button_encoder_isr_GetPriority
                0x00000000       0x10 .\CortexM0\ARM_GCC_541\Debug\Lab3.a(button_encoder_isr.o)
 .text.button_encoder_isr_GetState
                0x00000000       0x14 .\CortexM0\ARM_GCC_541\Debug\Lab3.a(button_encoder_isr.o)
 .text.button_encoder_isr_Start
                0x00000000       0x1c .\CortexM0\ARM_GCC_541\Debug\Lab3.a(button_encoder_isr.o)
 .text.button_encoder_isr_Stop
                0x00000000       0x14 .\CortexM0\ARM_GCC_541\Debug\Lab3.a(button_encoder_isr.o)
 .text.button_encoder_isr_SetPending
                0x00000000        0xc .\CortexM0\ARM_GCC_541\Debug\Lab3.a(button_encoder_isr.o)
 .text.button_encoder_isr_ClearPending
                0x00000000        0xc .\CortexM0\ARM_GCC_541\Debug\Lab3.a(button_encoder_isr.o)
 .data          0x00000000        0x0 .\CortexM0\ARM_GCC_541\Debug\Lab3.a(CyBootAsmGnu.o)
 .bss           0x00000000        0x0 .\CortexM0\ARM_GCC_541\Debug\Lab3.a(CyBootAsmGnu.o)
 .text          0x00000000        0x0 .\CortexM0\ARM_GCC_541\Debug\Lab3.a(CyFlash.o)
 .data          0x00000000        0x0 .\CortexM0\ARM_GCC_541\Debug\Lab3.a(CyFlash.o)
 .bss           0x00000000        0x0 .\CortexM0\ARM_GCC_541\Debug\Lab3.a(CyFlash.o)
 .text.CySysFlashClockBackup
                0x00000000        0x4 .\CortexM0\ARM_GCC_541\Debug\Lab3.a(CyFlash.o)
 .text.CySysFlashClockRestore
                0x00000000        0x4 .\CortexM0\ARM_GCC_541\Debug\Lab3.a(CyFlash.o)
 .text.CySysFlashWriteRow
                0x00000000      0x124 .\CortexM0\ARM_GCC_541\Debug\Lab3.a(CyFlash.o)
 .text.CySysSFlashWriteUserRow
                0x00000000      0x110 .\CortexM0\ARM_GCC_541\Debug\Lab3.a(CyFlash.o)
 .data          0x00000000        0x0 c:/program files (x86)/cypress/psoc creator/4.3/psoc creator/import/gnu/arm/5.4.1/bin/../lib/gcc/arm-none-eabi/5.4.1/armv6-m\libgcc.a(_udivsi3.o)
 .bss           0x00000000        0x0 c:/program files (x86)/cypress/psoc creator/4.3/psoc creator/import/gnu/arm/5.4.1/bin/../lib/gcc/arm-none-eabi/5.4.1/armv6-m\libgcc.a(_udivsi3.o)
 .text          0x00000000      0x1d4 c:/program files (x86)/cypress/psoc creator/4.3/psoc creator/import/gnu/arm/5.4.1/bin/../lib/gcc/arm-none-eabi/5.4.1/armv6-m\libgcc.a(_divsi3.o)
 .data          0x00000000        0x0 c:/program files (x86)/cypress/psoc creator/4.3/psoc creator/import/gnu/arm/5.4.1/bin/../lib/gcc/arm-none-eabi/5.4.1/armv6-m\libgcc.a(_divsi3.o)
 .bss           0x00000000        0x0 c:/program files (x86)/cypress/psoc creator/4.3/psoc creator/import/gnu/arm/5.4.1/bin/../lib/gcc/arm-none-eabi/5.4.1/armv6-m\libgcc.a(_divsi3.o)
 .data          0x00000000        0x0 c:/program files (x86)/cypress/psoc creator/4.3/psoc creator/import/gnu/arm/5.4.1/bin/../lib/gcc/arm-none-eabi/5.4.1/armv6-m\libgcc.a(_dvmd_tls.o)
 .bss           0x00000000        0x0 c:/program files (x86)/cypress/psoc creator/4.3/psoc creator/import/gnu/arm/5.4.1/bin/../lib/gcc/arm-none-eabi/5.4.1/armv6-m\libgcc.a(_dvmd_tls.o)
 .text          0x00000000        0x0 c:/program files (x86)/cypress/psoc creator/4.3/psoc creator/import/gnu/arm/5.4.1/bin/../lib/gcc/arm-none-eabi/5.4.1/../../../../arm-none-eabi/lib/armv6-m\libg_nano.a(lib_a-errno.o)
 .data          0x00000000        0x0 c:/program files (x86)/cypress/psoc creator/4.3/psoc creator/import/gnu/arm/5.4.1/bin/../lib/gcc/arm-none-eabi/5.4.1/../../../../arm-none-eabi/lib/armv6-m\libg_nano.a(lib_a-errno.o)
 .bss           0x00000000        0x0 c:/program files (x86)/cypress/psoc creator/4.3/psoc creator/import/gnu/arm/5.4.1/bin/../lib/gcc/arm-none-eabi/5.4.1/../../../../arm-none-eabi/lib/armv6-m\libg_nano.a(lib_a-errno.o)
 .text          0x00000000        0x0 c:/program files (x86)/cypress/psoc creator/4.3/psoc creator/import/gnu/arm/5.4.1/bin/../lib/gcc/arm-none-eabi/5.4.1/../../../../arm-none-eabi/lib/armv6-m\libg_nano.a(lib_a-exit.o)
 .data          0x00000000        0x0 c:/program files (x86)/cypress/psoc creator/4.3/psoc creator/import/gnu/arm/5.4.1/bin/../lib/gcc/arm-none-eabi/5.4.1/../../../../arm-none-eabi/lib/armv6-m\libg_nano.a(lib_a-exit.o)
 .bss           0x00000000        0x0 c:/program files (x86)/cypress/psoc creator/4.3/psoc creator/import/gnu/arm/5.4.1/bin/../lib/gcc/arm-none-eabi/5.4.1/../../../../arm-none-eabi/lib/armv6-m\libg_nano.a(lib_a-exit.o)
 .text.exit     0x00000000       0x2c c:/program files (x86)/cypress/psoc creator/4.3/psoc creator/import/gnu/arm/5.4.1/bin/../lib/gcc/arm-none-eabi/5.4.1/../../../../arm-none-eabi/lib/armv6-m\libg_nano.a(lib_a-exit.o)
 .text          0x00000000        0x0 c:/program files (x86)/cypress/psoc creator/4.3/psoc creator/import/gnu/arm/5.4.1/bin/../lib/gcc/arm-none-eabi/5.4.1/../../../../arm-none-eabi/lib/armv6-m\libg_nano.a(lib_a-impure.o)
 .data          0x00000000        0x0 c:/program files (x86)/cypress/psoc creator/4.3/psoc creator/import/gnu/arm/5.4.1/bin/../lib/gcc/arm-none-eabi/5.4.1/../../../../arm-none-eabi/lib/armv6-m\libg_nano.a(lib_a-impure.o)
 .bss           0x00000000        0x0 c:/program files (x86)/cypress/psoc creator/4.3/psoc creator/import/gnu/arm/5.4.1/bin/../lib/gcc/arm-none-eabi/5.4.1/../../../../arm-none-eabi/lib/armv6-m\libg_nano.a(lib_a-impure.o)
 .rodata._global_impure_ptr
                0x00000000        0x4 c:/program files (x86)/cypress/psoc creator/4.3/psoc creator/import/gnu/arm/5.4.1/bin/../lib/gcc/arm-none-eabi/5.4.1/../../../../arm-none-eabi/lib/armv6-m\libg_nano.a(lib_a-impure.o)
 .text          0x00000000        0x0 c:/program files (x86)/cypress/psoc creator/4.3/psoc creator/import/gnu/arm/5.4.1/bin/../lib/gcc/arm-none-eabi/5.4.1/../../../../arm-none-eabi/lib/armv6-m\libg_nano.a(lib_a-init.o)
 .data          0x00000000        0x0 c:/program files (x86)/cypress/psoc creator/4.3/psoc creator/import/gnu/arm/5.4.1/bin/../lib/gcc/arm-none-eabi/5.4.1/../../../../arm-none-eabi/lib/armv6-m\libg_nano.a(lib_a-init.o)
 .bss           0x00000000        0x0 c:/program files (x86)/cypress/psoc creator/4.3/psoc creator/import/gnu/arm/5.4.1/bin/../lib/gcc/arm-none-eabi/5.4.1/../../../../arm-none-eabi/lib/armv6-m\libg_nano.a(lib_a-init.o)
 .text          0x00000000        0x0 c:/program files (x86)/cypress/psoc creator/4.3/psoc creator/import/gnu/arm/5.4.1/bin/../lib/gcc/arm-none-eabi/5.4.1/../../../../arm-none-eabi/lib/armv6-m\libg_nano.a(lib_a-memcpy-stub.o)
 .data          0x00000000        0x0 c:/program files (x86)/cypress/psoc creator/4.3/psoc creator/import/gnu/arm/5.4.1/bin/../lib/gcc/arm-none-eabi/5.4.1/../../../../arm-none-eabi/lib/armv6-m\libg_nano.a(lib_a-memcpy-stub.o)
 .bss           0x00000000        0x0 c:/program files (x86)/cypress/psoc creator/4.3/psoc creator/import/gnu/arm/5.4.1/bin/../lib/gcc/arm-none-eabi/5.4.1/../../../../arm-none-eabi/lib/armv6-m\libg_nano.a(lib_a-memcpy-stub.o)
 .text.memcpy   0x00000000       0x12 c:/program files (x86)/cypress/psoc creator/4.3/psoc creator/import/gnu/arm/5.4.1/bin/../lib/gcc/arm-none-eabi/5.4.1/../../../../arm-none-eabi/lib/armv6-m\libg_nano.a(lib_a-memcpy-stub.o)
 .text          0x00000000        0x0 c:/program files (x86)/cypress/psoc creator/4.3/psoc creator/import/gnu/arm/5.4.1/bin/../lib/gcc/arm-none-eabi/5.4.1/../../../../arm-none-eabi/lib/armv6-m\libg_nano.a(lib_a-memset.o)
 .data          0x00000000        0x0 c:/program files (x86)/cypress/psoc creator/4.3/psoc creator/import/gnu/arm/5.4.1/bin/../lib/gcc/arm-none-eabi/5.4.1/../../../../arm-none-eabi/lib/armv6-m\libg_nano.a(lib_a-memset.o)
 .bss           0x00000000        0x0 c:/program files (x86)/cypress/psoc creator/4.3/psoc creator/import/gnu/arm/5.4.1/bin/../lib/gcc/arm-none-eabi/5.4.1/../../../../arm-none-eabi/lib/armv6-m\libg_nano.a(lib_a-memset.o)
 .text          0x00000000        0x0 c:/program files (x86)/cypress/psoc creator/4.3/psoc creator/import/gnu/arm/5.4.1/bin/../lib/gcc/arm-none-eabi/5.4.1/armv6-m/crtend.o
 .data          0x00000000        0x0 c:/program files (x86)/cypress/psoc creator/4.3/psoc creator/import/gnu/arm/5.4.1/bin/../lib/gcc/arm-none-eabi/5.4.1/armv6-m/crtend.o
 .bss           0x00000000        0x0 c:/program files (x86)/cypress/psoc creator/4.3/psoc creator/import/gnu/arm/5.4.1/bin/../lib/gcc/arm-none-eabi/5.4.1/armv6-m/crtend.o
 .text          0x00000000        0x0 c:/program files (x86)/cypress/psoc creator/4.3/psoc creator/import/gnu/arm/5.4.1/bin/../lib/gcc/arm-none-eabi/5.4.1/armv6-m/crtn.o
 .data          0x00000000        0x0 c:/program files (x86)/cypress/psoc creator/4.3/psoc creator/import/gnu/arm/5.4.1/bin/../lib/gcc/arm-none-eabi/5.4.1/armv6-m/crtn.o
 .bss           0x00000000        0x0 c:/program files (x86)/cypress/psoc creator/4.3/psoc creator/import/gnu/arm/5.4.1/bin/../lib/gcc/arm-none-eabi/5.4.1/armv6-m/crtn.o

Memory Configuration

Name             Origin             Length             Attributes
rom              0x00000000         0x00020000         xr
ram              0x20000000         0x00004000         xrw
*default*        0x00000000         0xffffffff

Linker script and memory map

LOAD c:/program files (x86)/cypress/psoc creator/4.3/psoc creator/import/gnu/arm/5.4.1/bin/../lib/gcc/arm-none-eabi/5.4.1/armv6-m/crti.o
LOAD c:/program files (x86)/cypress/psoc creator/4.3/psoc creator/import/gnu/arm/5.4.1/bin/../lib/gcc/arm-none-eabi/5.4.1/armv6-m/crtbegin.o
LOAD c:/program files (x86)/cypress/psoc creator/4.3/psoc creator/import/gnu/arm/5.4.1/bin/../lib/gcc/arm-none-eabi/5.4.1/../../../../arm-none-eabi/lib/armv6-m/crt0.o
START GROUP
LOAD .\CortexM0\ARM_GCC_541\Debug\main.o
LOAD .\CortexM0\ARM_GCC_541\Debug\cyfitter_cfg.o
LOAD .\CortexM0\ARM_GCC_541\Debug\cymetadata.o
LOAD .\CortexM0\ARM_GCC_541\Debug\Cm0Start.o
LOAD .\CortexM0\ARM_GCC_541\Debug\Lab3.a
END GROUP
START GROUP
LOAD c:/program files (x86)/cypress/psoc creator/4.3/psoc creator/import/gnu/arm/5.4.1/bin/../lib/gcc/arm-none-eabi/5.4.1/armv6-m\libgcc.a
LOAD c:/program files (x86)/cypress/psoc creator/4.3/psoc creator/import/gnu/arm/5.4.1/bin/../lib/gcc/arm-none-eabi/5.4.1/../../../../arm-none-eabi/lib/armv6-m\libg_nano.a
LOAD c:/program files (x86)/cypress/psoc creator/4.3/psoc creator/import/gnu/arm/5.4.1/bin/../lib/gcc/arm-none-eabi/5.4.1/../../../../arm-none-eabi/lib/armv6-m\libc_nano.a
END GROUP
START GROUP
LOAD c:/program files (x86)/cypress/psoc creator/4.3/psoc creator/import/gnu/arm/5.4.1/bin/../lib/gcc/arm-none-eabi/5.4.1/armv6-m\libgcc.a
LOAD c:/program files (x86)/cypress/psoc creator/4.3/psoc creator/import/gnu/arm/5.4.1/bin/../lib/gcc/arm-none-eabi/5.4.1/../../../../arm-none-eabi/lib/armv6-m\libc_nano.a
END GROUP
LOAD c:/program files (x86)/cypress/psoc creator/4.3/psoc creator/import/gnu/arm/5.4.1/bin/../lib/gcc/arm-none-eabi/5.4.1/armv6-m/crtend.o
LOAD c:/program files (x86)/cypress/psoc creator/4.3/psoc creator/import/gnu/arm/5.4.1/bin/../lib/gcc/arm-none-eabi/5.4.1/armv6-m/crtn.o
START GROUP
LOAD c:/program files (x86)/cypress/psoc creator/4.3/psoc creator/import/gnu/arm/5.4.1/bin/../lib/gcc/arm-none-eabi/5.4.1/armv6-m\libgcc.a
LOAD c:/program files (x86)/cypress/psoc creator/4.3/psoc creator/import/gnu/arm/5.4.1/bin/../lib/gcc/arm-none-eabi/5.4.1/../../../../arm-none-eabi/lib/armv6-m\libc.a
LOAD c:/program files (x86)/cypress/psoc creator/4.3/psoc creator/import/gnu/arm/5.4.1/bin/../lib/gcc/arm-none-eabi/5.4.1/../../../../arm-none-eabi/lib/armv6-m\libnosys.a
END GROUP
                0x00000000                CY_APPL_ORIGIN = 0x0
                0x00000080                CY_FLASH_ROW_SIZE = 0x80
                0x00000001                CY_APPL_NUM = 0x1
                0x00000001                CY_APPL_MAX = 0x1
                0x00000040                CY_METADATA_SIZE = 0x40
                0x00000000                CY_APPL_LOADABLE = 0x0
                0x00000000                CY_CHECKSUM_EXCLUDE_SIZE = ALIGN (0x0, CY_FLASH_ROW_SIZE)
                0x00000000                CY_APP_FOR_STACK_AND_COPIER = 0x0
                [!provide]                PROVIDE (__cy_heap_start, _end)
                0x00000001                PROVIDE (__cy_region_num, ((__cy_regions_end - __cy_regions) / 0x10))
                0x20004000                PROVIDE (__cy_stack, (ORIGIN (ram) + LENGTH (ram)))
                [!provide]                PROVIDE (__cy_heap_end, (__cy_stack - 0x800))

.cybootloader   0x00000000        0x0
 *(.cybootloader)
                0x00000000                appl1_start = CY_APPL_ORIGIN?CY_APPL_ORIGIN:ALIGN (CY_FLASH_ROW_SIZE)
                0x0000ff80                appl2_start = (appl1_start + ALIGN ((((LENGTH (rom) - appl1_start) - (0x2 * CY_FLASH_ROW_SIZE)) / 0x2), CY_FLASH_ROW_SIZE))
                0x00000000                appl_start = (CY_APPL_NUM == 0x1)?appl1_start:appl2_start
                0x00000001                cy_project_type_bootloader = (appl_start == 0x0)?0x1:0x0
                0x00000000                cy_project_type_app_for_stack_and_copier = (CY_APP_FOR_STACK_AND_COPIER == 0x1)?0x1:0x0

.text           0x00000000     0x14ec
 CREATE_OBJECT_SYMBOLS
                0x00000000                PROVIDE (__cy_interrupt_vector, RomVectors)
 *(.romvectors)
 .romvectors    0x00000000       0x10 .\CortexM0\ARM_GCC_541\Debug\Cm0Start.o
                0x00000000                RomVectors
                0x00000001                ASSERT ((. != __cy_interrupt_vector), No interrupt vector)
                0x00000001                ASSERT (CY_APPL_ORIGIN?(SIZEOF (.cybootloader) <= CY_APPL_ORIGIN):0x1, Wrong image location)
                0x00000010                PROVIDE (__cy_reset, Reset)
 *(.text.Reset)
 .text.Reset    0x00000010        0x8 .\CortexM0\ARM_GCC_541\Debug\Cm0Start.o
                0x00000010                Reset
                0x00000001                ASSERT ((. != __cy_reset), No reset code)
 *(.psocinit)
 .psocinit      0x00000018      0x1a8 .\CortexM0\ARM_GCC_541\Debug\cyfitter_cfg.o
                0x000000b0                cyfitter_cfg
                0x000001c0                . = MAX (., 0x100)
 *(.text .text.* .gnu.linkonce.t.*)
 .text          0x000001c0       0x60 c:/program files (x86)/cypress/psoc creator/4.3/psoc creator/import/gnu/arm/5.4.1/bin/../lib/gcc/arm-none-eabi/5.4.1/armv6-m/crtbegin.o
 .text.timer_isr_interrupt
                0x00000220      0x30c .\CortexM0\ARM_GCC_541\Debug\main.o
                0x00000220                timer_isr_interrupt
 .text.button_isr_interrupt
                0x0000052c       0x1c .\CortexM0\ARM_GCC_541\Debug\main.o
                0x0000052c                button_isr_interrupt
 .text.button_encoder_isr_interrupt
                0x00000548       0x28 .\CortexM0\ARM_GCC_541\Debug\main.o
                0x00000548                button_encoder_isr_interrupt
 .text.main     0x00000570      0x270 .\CortexM0\ARM_GCC_541\Debug\main.o
                0x00000570                main
 .text.cfg_write_bytes32
                0x000007e0       0x34 .\CortexM0\ARM_GCC_541\Debug\cyfitter_cfg.o
 .text.AnalogSetDefault
                0x00000814       0x20 .\CortexM0\ARM_GCC_541\Debug\cyfitter_cfg.o
 .text.CYMEMZERO
                0x00000834        0xc .\CortexM0\ARM_GCC_541\Debug\cyfitter_cfg.o
 .text.IntDefaultHandler
                0x00000840       0x10 .\CortexM0\ARM_GCC_541\Debug\Cm0Start.o
                0x00000840                IntDefaultHandler
 .text.Start_c  0x00000850       0x48 .\CortexM0\ARM_GCC_541\Debug\Cm0Start.o
                0x00000850                Start_c
 .text.initialize_psoc
                0x00000898       0x4c .\CortexM0\ARM_GCC_541\Debug\Cm0Start.o
                0x00000898                initialize_psoc
 .text.Timer_Counter_WriteCounter
                0x000008e4       0x10 .\CortexM0\ARM_GCC_541\Debug\Lab3.a(Timer_Counter.o)
                0x000008e4                Timer_Counter_WriteCounter
 .text.Timer_Counter_WritePeriod
                0x000008f4       0x10 .\CortexM0\ARM_GCC_541\Debug\Lab3.a(Timer_Counter.o)
                0x000008f4                Timer_Counter_WritePeriod
 .text.Timer_Counter_TriggerCommand
                0x00000904       0x1c .\CortexM0\ARM_GCC_541\Debug\Lab3.a(Timer_Counter.o)
                0x00000904                Timer_Counter_TriggerCommand
 .text.Timer_Counter_Enable
                0x00000920       0x24 .\CortexM0\ARM_GCC_541\Debug\Lab3.a(Timer_Counter.o)
                0x00000920                Timer_Counter_Enable
 .text.Timer_Counter_SetInterruptMode
                0x00000944        0xc .\CortexM0\ARM_GCC_541\Debug\Lab3.a(Timer_Counter.o)
                0x00000944                Timer_Counter_SetInterruptMode
 .text.Timer_Counter_Init
                0x00000950       0x30 .\CortexM0\ARM_GCC_541\Debug\Lab3.a(Timer_Counter.o)
                0x00000950                Timer_Counter_Init
 .text.Timer_Counter_Start
                0x00000980       0x20 .\CortexM0\ARM_GCC_541\Debug\Lab3.a(Timer_Counter.o)
                0x00000980                Timer_Counter_Start
 .text.Timer_Counter_ClearInterrupt
                0x000009a0        0xc .\CortexM0\ARM_GCC_541\Debug\Lab3.a(Timer_Counter.o)
                0x000009a0                Timer_Counter_ClearInterrupt
 .text.timer_isr_SetVector
                0x000009ac        0xc .\CortexM0\ARM_GCC_541\Debug\Lab3.a(timer_isr.o)
                0x000009ac                timer_isr_SetVector
 .text.timer_isr_SetPriority
                0x000009b8       0x20 .\CortexM0\ARM_GCC_541\Debug\Lab3.a(timer_isr.o)
                0x000009b8                timer_isr_SetPriority
 .text.timer_isr_Enable
                0x000009d8       0x10 .\CortexM0\ARM_GCC_541\Debug\Lab3.a(timer_isr.o)
                0x000009d8                timer_isr_Enable
 .text.timer_isr_Disable
                0x000009e8       0x10 .\CortexM0\ARM_GCC_541\Debug\Lab3.a(timer_isr.o)
                0x000009e8                timer_isr_Disable
 .text.timer_isr_StartEx
                0x000009f8       0x1c .\CortexM0\ARM_GCC_541\Debug\Lab3.a(timer_isr.o)
                0x000009f8                timer_isr_StartEx
 .text.Control_Reg_Write
                0x00000a14        0xc .\CortexM0\ARM_GCC_541\Debug\Lab3.a(Control_Reg.o)
                0x00000a14                Control_Reg_Write
 .text.Button_ClearInterrupt
                0x00000a20       0x14 .\CortexM0\ARM_GCC_541\Debug\Lab3.a(Button.o)
                0x00000a20                Button_ClearInterrupt
 .text.button_isr_SetVector
                0x00000a34        0xc .\CortexM0\ARM_GCC_541\Debug\Lab3.a(button_isr.o)
                0x00000a34                button_isr_SetVector
 .text.button_isr_SetPriority
                0x00000a40       0x20 .\CortexM0\ARM_GCC_541\Debug\Lab3.a(button_isr.o)
                0x00000a40                button_isr_SetPriority
 .text.button_isr_Enable
                0x00000a60        0xc .\CortexM0\ARM_GCC_541\Debug\Lab3.a(button_isr.o)
                0x00000a60                button_isr_Enable
 .text.button_isr_Disable
                0x00000a6c        0xc .\CortexM0\ARM_GCC_541\Debug\Lab3.a(button_isr.o)
                0x00000a6c                button_isr_Disable
 .text.button_isr_StartEx
                0x00000a78       0x1c .\CortexM0\ARM_GCC_541\Debug\Lab3.a(button_isr.o)
                0x00000a78                button_isr_StartEx
 .text.CySysClkImoDisableWcoLock
                0x00000a94       0x54 .\CortexM0\ARM_GCC_541\Debug\Lab3.a(CyLib.o)
                0x00000a94                CySysClkImoDisableWcoLock
 .text.CySysClkImoGetWcoLock
                0x00000ae8       0x14 .\CortexM0\ARM_GCC_541\Debug\Lab3.a(CyLib.o)
                0x00000ae8                CySysClkImoGetWcoLock
 .text.CyIntEnable
                0x00000afc       0x14 .\CortexM0\ARM_GCC_541\Debug\Lab3.a(CyLib.o)
                0x00000afc                CyIntEnable
 .text.CyHalt   0x00000b10        0x4 .\CortexM0\ARM_GCC_541\Debug\Lab3.a(CyLib.o)
                0x00000b10                CyHalt
 .text.CyIntSetVector
                0x00000b14       0x24 .\CortexM0\ARM_GCC_541\Debug\Lab3.a(CyLib.o)
                0x00000b14                CyIntSetVector
 .text.CyDelay  0x00000b38       0x30 .\CortexM0\ARM_GCC_541\Debug\Lab3.a(CyLib.o)
                0x00000b38                CyDelay
 .text.CySysClkImoEnableWcoLock
                0x00000b68       0xf4 .\CortexM0\ARM_GCC_541\Debug\Lab3.a(CyLib.o)
                0x00000b68                CySysClkImoEnableWcoLock
 .text.CySysClkWriteImoFreq
                0x00000c5c       0x80 .\CortexM0\ARM_GCC_541\Debug\Lab3.a(CyLib.o)
                0x00000c5c                CySysClkWriteImoFreq
 .text.CyDelayUs
                0x00000cdc       0x14 .\CortexM0\ARM_GCC_541\Debug\Lab3.a(CyLib.o)
                0x00000cdc                CyDelayUs
 .text.CySysWdtLocked
                0x00000cf0       0x14 .\CortexM0\ARM_GCC_541\Debug\Lab3.a(CyLFClk.o)
 .text.CySysClkWcoEnabled
                0x00000d04       0x14 .\CortexM0\ARM_GCC_541\Debug\Lab3.a(CyLFClk.o)
                0x00000d04                CySysClkWcoEnabled
 .text.CySysWdtLock
                0x00000d18       0x1c .\CortexM0\ARM_GCC_541\Debug\Lab3.a(CyLFClk.o)
                0x00000d18                CySysWdtLock
 .text.CySysWdtUnlock
                0x00000d34       0x30 .\CortexM0\ARM_GCC_541\Debug\Lab3.a(CyLFClk.o)
                0x00000d34                CySysWdtUnlock
 .text.CySysWdtClearInterrupt
                0x00000d64       0x4c .\CortexM0\ARM_GCC_541\Debug\Lab3.a(CyLFClk.o)
                0x00000d64                CySysWdtClearInterrupt
 .text.CySysWdtIsr
                0x00000db0       0xa4 .\CortexM0\ARM_GCC_541\Debug\Lab3.a(CyLFClk.o)
                0x00000db0                CySysWdtIsr
 .text.LCD_Char_WrCntrlNib
                0x00000e54       0x34 .\CortexM0\ARM_GCC_541\Debug\Lab3.a(LCD_Char.o)
 .text.LCD_Char_WrDatNib
                0x00000e88       0x44 .\CortexM0\ARM_GCC_541\Debug\Lab3.a(LCD_Char.o)
 .text.LCD_Char_IsReady
                0x00000ecc       0xb4 .\CortexM0\ARM_GCC_541\Debug\Lab3.a(LCD_Char.o)
                0x00000ecc                LCD_Char_IsReady
 .text.LCD_Char_WriteData
                0x00000f80       0x18 .\CortexM0\ARM_GCC_541\Debug\Lab3.a(LCD_Char.o)
                0x00000f80                LCD_Char_WriteData
 .text.LCD_Char_PrintString
                0x00000f98       0x1c .\CortexM0\ARM_GCC_541\Debug\Lab3.a(LCD_Char.o)
                0x00000f98                LCD_Char_PrintString
 .text.LCD_Char_PutChar
                0x00000fb4        0x8 .\CortexM0\ARM_GCC_541\Debug\Lab3.a(LCD_Char.o)
                0x00000fb4                LCD_Char_PutChar
 .text.LCD_Char_WriteControl
                0x00000fbc       0x18 .\CortexM0\ARM_GCC_541\Debug\Lab3.a(LCD_Char.o)
                0x00000fbc                LCD_Char_WriteControl
 .text.LCD_Char_Init
                0x00000fd4       0x6c .\CortexM0\ARM_GCC_541\Debug\Lab3.a(LCD_Char.o)
                0x00000fd4                LCD_Char_Init
 .text.LCD_Char_Enable
                0x00001040       0x14 .\CortexM0\ARM_GCC_541\Debug\Lab3.a(LCD_Char.o)
                0x00001040                LCD_Char_Enable
 .text.LCD_Char_Start
                0x00001054       0x20 .\CortexM0\ARM_GCC_541\Debug\Lab3.a(LCD_Char.o)
                0x00001054                LCD_Char_Start
 .text.LCD_Char_Position
                0x00001074       0x3c .\CortexM0\ARM_GCC_541\Debug\Lab3.a(LCD_Char.o)
                0x00001074                LCD_Char_Position
 .text.LCD_Char_PrintU32Number
                0x000010b0       0x4c .\CortexM0\ARM_GCC_541\Debug\Lab3.a(LCD_Char.o)
                0x000010b0                LCD_Char_PrintU32Number
 .text.QuadDec_GetCounter
                0x000010fc        0xc .\CortexM0\ARM_GCC_541\Debug\Lab3.a(QuadDec.o)
                0x000010fc                QuadDec_GetCounter
 .text.QuadDec_SetCounter
                0x00001108       0x18 .\CortexM0\ARM_GCC_541\Debug\Lab3.a(QuadDec.o)
                0x00001108                QuadDec_SetCounter
 .text.QuadDec_GetEvents
                0x00001120       0x10 .\CortexM0\ARM_GCC_541\Debug\Lab3.a(QuadDec.o)
                0x00001120                QuadDec_GetEvents
 .text.QuadDec_SetInterruptMask
                0x00001130        0xc .\CortexM0\ARM_GCC_541\Debug\Lab3.a(QuadDec.o)
                0x00001130                QuadDec_SetInterruptMask
 .text.QuadDec_Enable
                0x0000113c       0x28 .\CortexM0\ARM_GCC_541\Debug\Lab3.a(QuadDec.o)
                0x0000113c                QuadDec_Enable
 .text.QuadDec_Start
                0x00001164       0x24 .\CortexM0\ARM_GCC_541\Debug\Lab3.a(QuadDec.o)
                0x00001164                QuadDec_Start
 .text.QuadDec_Cnt8_Enable
                0x00001188       0x14 .\CortexM0\ARM_GCC_541\Debug\Lab3.a(QuadDec_Cnt8.o)
                0x00001188                QuadDec_Cnt8_Enable
 .text.QuadDec_Cnt8_SetInterruptMode
                0x0000119c        0xc .\CortexM0\ARM_GCC_541\Debug\Lab3.a(QuadDec_Cnt8.o)
                0x0000119c                QuadDec_Cnt8_SetInterruptMode
 .text.QuadDec_Cnt8_ReadStatusRegister
                0x000011a8        0xc .\CortexM0\ARM_GCC_541\Debug\Lab3.a(QuadDec_Cnt8.o)
                0x000011a8                QuadDec_Cnt8_ReadStatusRegister
 .text.QuadDec_Cnt8_WriteCounter
                0x000011b4        0xc .\CortexM0\ARM_GCC_541\Debug\Lab3.a(QuadDec_Cnt8.o)
                0x000011b4                QuadDec_Cnt8_WriteCounter
 .text.QuadDec_Cnt8_ReadCounter
                0x000011c0       0x14 .\CortexM0\ARM_GCC_541\Debug\Lab3.a(QuadDec_Cnt8.o)
                0x000011c0                QuadDec_Cnt8_ReadCounter
 .text.QuadDec_Cnt8_ReadCapture
                0x000011d4        0xc .\CortexM0\ARM_GCC_541\Debug\Lab3.a(QuadDec_Cnt8.o)
                0x000011d4                QuadDec_Cnt8_ReadCapture
 .text.QuadDec_Cnt8_WritePeriod
                0x000011e0        0xc .\CortexM0\ARM_GCC_541\Debug\Lab3.a(QuadDec_Cnt8.o)
                0x000011e0                QuadDec_Cnt8_WritePeriod
 .text.QuadDec_Cnt8_WriteCompare
                0x000011ec        0xc .\CortexM0\ARM_GCC_541\Debug\Lab3.a(QuadDec_Cnt8.o)
                0x000011ec                QuadDec_Cnt8_WriteCompare
 .text.QuadDec_Cnt8_ClearFIFO
                0x000011f8       0x14 .\CortexM0\ARM_GCC_541\Debug\Lab3.a(QuadDec_Cnt8.o)
                0x000011f8                QuadDec_Cnt8_ClearFIFO
 .text.QuadDec_Cnt8_Init
                0x0000120c       0x54 .\CortexM0\ARM_GCC_541\Debug\Lab3.a(QuadDec_Cnt8.o)
                0x0000120c                QuadDec_Cnt8_Init
 .text.QuadDec_Cnt8_Start
                0x00001260       0x20 .\CortexM0\ARM_GCC_541\Debug\Lab3.a(QuadDec_Cnt8.o)
                0x00001260                QuadDec_Cnt8_Start
 .text.Button_Encoder_ClearInterrupt
                0x00001280       0x14 .\CortexM0\ARM_GCC_541\Debug\Lab3.a(Button_Encoder.o)
                0x00001280                Button_Encoder_ClearInterrupt
 .text.button_encoder_isr_SetVector
                0x00001294        0xc .\CortexM0\ARM_GCC_541\Debug\Lab3.a(button_encoder_isr.o)
                0x00001294                button_encoder_isr_SetVector
 .text.button_encoder_isr_SetPriority
                0x000012a0       0x24 .\CortexM0\ARM_GCC_541\Debug\Lab3.a(button_encoder_isr.o)
                0x000012a0                button_encoder_isr_SetPriority
 .text.button_encoder_isr_Enable
                0x000012c4        0xc .\CortexM0\ARM_GCC_541\Debug\Lab3.a(button_encoder_isr.o)
                0x000012c4                button_encoder_isr_Enable
 .text.button_encoder_isr_Disable
                0x000012d0        0xc .\CortexM0\ARM_GCC_541\Debug\Lab3.a(button_encoder_isr.o)
                0x000012d0                button_encoder_isr_Disable
 .text.button_encoder_isr_StartEx
                0x000012dc       0x1c .\CortexM0\ARM_GCC_541\Debug\Lab3.a(button_encoder_isr.o)
                0x000012dc                button_encoder_isr_StartEx
 .text          0x000012f8       0x20 .\CortexM0\ARM_GCC_541\Debug\Lab3.a(CyBootAsmGnu.o)
                0x000012f8                CyDelayCycles
                0x0000130a                CyEnterCriticalSection
                0x00001312                CyExitCriticalSection
 .text.CySysFlashSetWaitCycles
                0x00001318       0x54 .\CortexM0\ARM_GCC_541\Debug\Lab3.a(CyFlash.o)
                0x00001318                CySysFlashSetWaitCycles
 .text          0x0000136c      0x114 c:/program files (x86)/cypress/psoc creator/4.3/psoc creator/import/gnu/arm/5.4.1/bin/../lib/gcc/arm-none-eabi/5.4.1/armv6-m\libgcc.a(_udivsi3.o)
                0x0000136c                __aeabi_uidiv
                0x0000136c                __udivsi3
                0x00001478                __aeabi_uidivmod
 .text          0x00001480        0x4 c:/program files (x86)/cypress/psoc creator/4.3/psoc creator/import/gnu/arm/5.4.1/bin/../lib/gcc/arm-none-eabi/5.4.1/armv6-m\libgcc.a(_dvmd_tls.o)
                0x00001480                __aeabi_idiv0
                0x00001480                __aeabi_ldiv0
 .text.__errno  0x00001484        0xc c:/program files (x86)/cypress/psoc creator/4.3/psoc creator/import/gnu/arm/5.4.1/bin/../lib/gcc/arm-none-eabi/5.4.1/../../../../arm-none-eabi/lib/armv6-m\libg_nano.a(lib_a-errno.o)
                0x00001484                __errno
 .text.__libc_init_array
                0x00001490       0x4c c:/program files (x86)/cypress/psoc creator/4.3/psoc creator/import/gnu/arm/5.4.1/bin/../lib/gcc/arm-none-eabi/5.4.1/../../../../arm-none-eabi/lib/armv6-m\libg_nano.a(lib_a-init.o)
                0x00001490                __libc_init_array
 .text.memset   0x000014dc       0x10 c:/program files (x86)/cypress/psoc creator/4.3/psoc creator/import/gnu/arm/5.4.1/bin/../lib/gcc/arm-none-eabi/5.4.1/../../../../arm-none-eabi/lib/armv6-m\libg_nano.a(lib_a-memset.o)
                0x000014dc                memset
 *(.plt)
 *(.gnu.warning)
 *(.glue_7t)
 .glue_7t       0x000014ec        0x0 linker stubs
 *(.glue_7)
 .glue_7        0x000014ec        0x0 linker stubs
 *(.vfp11_veneer)
 .vfp11_veneer  0x000014ec        0x0 linker stubs
 *(.bootloader)
 *(.ARM.extab* .gnu.linkonce.armextab.*)
 *(.gcc_except_table)

.v4_bx          0x000014ec        0x0
 .v4_bx         0x000014ec        0x0 linker stubs

.iplt           0x000014ec        0x0
 .iplt          0x000014ec        0x0 c:/program files (x86)/cypress/psoc creator/4.3/psoc creator/import/gnu/arm/5.4.1/bin/../lib/gcc/arm-none-eabi/5.4.1/armv6-m/crtbegin.o

.eh_frame_hdr
 *(.eh_frame_hdr)

.eh_frame       0x000014ec        0x4
 *(.eh_frame)
 .eh_frame      0x000014ec        0x0 c:/program files (x86)/cypress/psoc creator/4.3/psoc creator/import/gnu/arm/5.4.1/bin/../lib/gcc/arm-none-eabi/5.4.1/armv6-m/crtbegin.o
 .eh_frame      0x000014ec        0x4 c:/program files (x86)/cypress/psoc creator/4.3/psoc creator/import/gnu/arm/5.4.1/bin/../lib/gcc/arm-none-eabi/5.4.1/armv6-m/crtend.o
                [!provide]                PROVIDE (__exidx_start, .)

.ARM.exidx
 *(.ARM.exidx* .gnu.linkonce.armexidx.*)
                0x000014f0                __exidx_end = .

.rodata         0x000014f0      0x358
 *(.rodata .rodata.* .gnu.linkonce.r.*)
 .rodata.str1.4
                0x000014f0       0x90 .\CortexM0\ARM_GCC_541\Debug\main.o
                                 0x8d (size before relaxing)
 .rodata        0x00001580      0x264 .\CortexM0\ARM_GCC_541\Debug\cyfitter_cfg.o
 .rodata        0x000017e4       0x2e .\CortexM0\ARM_GCC_541\Debug\Lab3.a(CyLib.o)
                0x000017e4                cyImoFreqMhz2Reg
 .rodata.str1.1
                0x00001812        0x2 c:/program files (x86)/cypress/psoc creator/4.3/psoc creator/import/gnu/arm/5.4.1/bin/../lib/gcc/arm-none-eabi/5.4.1/../../../../arm-none-eabi/lib/armv6-m\libg_nano.a(lib_a-impure.o)
                0x00001814                . = ALIGN (0x4)
 *(.init)
 .init          0x00001814        0x4 c:/program files (x86)/cypress/psoc creator/4.3/psoc creator/import/gnu/arm/5.4.1/bin/../lib/gcc/arm-none-eabi/5.4.1/armv6-m/crti.o
                0x00001814                _init
 .init          0x00001818        0x8 c:/program files (x86)/cypress/psoc creator/4.3/psoc creator/import/gnu/arm/5.4.1/bin/../lib/gcc/arm-none-eabi/5.4.1/armv6-m/crtn.o
                0x00001820                . = ALIGN (0x4)
                0x00001820                __preinit_array_start = .
 *(.preinit_array)
                0x00001820                __preinit_array_end = .
                0x00001820                . = ALIGN (0x4)
                0x00001820                __init_array_start = .
 *(SORT(.init_array.*))
 *(.init_array)
 .init_array    0x00001820        0x4 c:/program files (x86)/cypress/psoc creator/4.3/psoc creator/import/gnu/arm/5.4.1/bin/../lib/gcc/arm-none-eabi/5.4.1/armv6-m/crtbegin.o
 .init_array    0x00001824        0x4 .\CortexM0\ARM_GCC_541\Debug\Cm0Start.o
                0x00001828                __init_array_end = .
                0x00001828                . = ALIGN (0x4)
 *(.fini)
 .fini          0x00001828        0x4 c:/program files (x86)/cypress/psoc creator/4.3/psoc creator/import/gnu/arm/5.4.1/bin/../lib/gcc/arm-none-eabi/5.4.1/armv6-m/crti.o
                0x00001828                _fini
 .fini          0x0000182c        0x8 c:/program files (x86)/cypress/psoc creator/4.3/psoc creator/import/gnu/arm/5.4.1/bin/../lib/gcc/arm-none-eabi/5.4.1/armv6-m/crtn.o
                0x00001834                . = ALIGN (0x4)
                0x00001834                __fini_array_start = .
 *(.fini_array)
 .fini_array    0x00001834        0x4 c:/program files (x86)/cypress/psoc creator/4.3/psoc creator/import/gnu/arm/5.4.1/bin/../lib/gcc/arm-none-eabi/5.4.1/armv6-m/crtbegin.o
 *(SORT(.fini_array.*))
                0x00001838                __fini_array_end = .
                0x00001838                . = ALIGN (0x4)
 *crtbegin.o(.ctors)
 *(EXCLUDE_FILE(*crtend.o) .ctors)
 *(SORT(.ctors.*))
 *crtend.o(.ctors)
                0x00001838                . = ALIGN (0x4)
 *crtbegin.o(.dtors)
 *(EXCLUDE_FILE(*crtend.o) .dtors)
 *(SORT(.dtors.*))
 *crtend.o(.dtors)
                0x00001838                . = ALIGN (0x4)
                0x00001838                __cy_regions = .
                0x00001838        0x4 LONG 0x1848 __cy_region_init_ram
                0x0000183c        0x4 LONG 0x200000c0 __cy_region_start_data
                0x00001840        0x4 LONG 0x88 __cy_region_init_size_ram
                0x00001844        0x4 LONG 0x58 __cy_region_zero_size_ram
                0x00001848                __cy_regions_end = .
                0x00001848                . = ALIGN (0x8)
                0x00001848                _etext = .

.cy_checksum_exclude
                0x00001848        0x0
 *(.cy_checksum_exclude)

.ramvectors     0x20000000       0xc0
                0x20000000                __cy_region_start_ram = .
 *(.ramvectors)
 .ramvectors    0x20000000       0xc0 .\CortexM0\ARM_GCC_541\Debug\Cm0Start.o
                0x20000000                CyRamVectors

.noinit
 *(.noinit)

.data           0x200000c0       0x88 load address 0x00001848
                0x200000c0                __cy_region_start_data = .
 *(.jcr)
 .jcr           0x200000c0        0x0 c:/program files (x86)/cypress/psoc creator/4.3/psoc creator/import/gnu/arm/5.4.1/bin/../lib/gcc/arm-none-eabi/5.4.1/armv6-m/crtbegin.o
 .jcr           0x200000c0        0x4 c:/program files (x86)/cypress/psoc creator/4.3/psoc creator/import/gnu/arm/5.4.1/bin/../lib/gcc/arm-none-eabi/5.4.1/armv6-m/crtend.o
 *(.got.plt)
 *(.got)
 *(.shdata)
 *(.data .data.* .gnu.linkonce.d.*)
 .data          0x200000c4       0x14 .\CortexM0\ARM_GCC_541\Debug\Lab3.a(CyLib.o)
                0x200000c4                CySysClkPumpConfig
                0x200000c8                cydelay32kMs
                0x200000cc                cydelayFreqKhz
                0x200000d0                cydelayFreqMhz
                0x200000d4                cydelayFreqHz
 .data          0x200000d8        0x8 .\CortexM0\ARM_GCC_541\Debug\Lab3.a(CyLFClk.o)
 .data.impure_data
                0x200000e0       0x60 c:/program files (x86)/cypress/psoc creator/4.3/psoc creator/import/gnu/arm/5.4.1/bin/../lib/gcc/arm-none-eabi/5.4.1/../../../../arm-none-eabi/lib/armv6-m\libg_nano.a(lib_a-impure.o)
 .data._impure_ptr
                0x20000140        0x4 c:/program files (x86)/cypress/psoc creator/4.3/psoc creator/import/gnu/arm/5.4.1/bin/../lib/gcc/arm-none-eabi/5.4.1/../../../../arm-none-eabi/lib/armv6-m\libg_nano.a(lib_a-impure.o)
                0x20000140                _impure_ptr
                0x20000148                . = ALIGN (0x8)
 *fill*         0x20000144        0x4 
 *(.ram)
                0x20000148                _edata = .

.igot.plt       0x20000148        0x0 load address 0x000018d0
 .igot.plt      0x20000148        0x0 c:/program files (x86)/cypress/psoc creator/4.3/psoc creator/import/gnu/arm/5.4.1/bin/../lib/gcc/arm-none-eabi/5.4.1/armv6-m/crtbegin.o

.bss            0x20000148       0x58 load address 0x000018d0
                0x20000148                PROVIDE (__bss_start__, .)
 *(.shbss)
 *(.bss .bss.* .gnu.linkonce.b.*)
 .bss           0x20000148       0x1c c:/program files (x86)/cypress/psoc creator/4.3/psoc creator/import/gnu/arm/5.4.1/bin/../lib/gcc/arm-none-eabi/5.4.1/armv6-m/crtbegin.o
 .bss           0x20000164        0x8 .\CortexM0\ARM_GCC_541\Debug\main.o
                0x20000164                counter
                0x20000165                algorithm
                0x20000168                displayCounter
                0x2000016a                displayMode
                0x2000016b                modeHasChanged
 .bss           0x2000016c        0x1 .\CortexM0\ARM_GCC_541\Debug\Lab3.a(Timer_Counter.o)
                0x2000016c                Timer_Counter_initVar
 *fill*         0x2000016d        0x3 
 .bss           0x20000170       0x28 .\CortexM0\ARM_GCC_541\Debug\Lab3.a(CyLFClk.o)
 .bss           0x20000198        0x2 .\CortexM0\ARM_GCC_541\Debug\Lab3.a(LCD_Char.o)
                0x20000198                LCD_Char_enableState
                0x20000199                LCD_Char_initVar
 .bss           0x2000019a        0x1 .\CortexM0\ARM_GCC_541\Debug\Lab3.a(QuadDec.o)
                0x2000019a                QuadDec_initVar
 .bss           0x2000019b        0x1 .\CortexM0\ARM_GCC_541\Debug\Lab3.a(QuadDec_Cnt8.o)
                0x2000019b                QuadDec_Cnt8_initVar
 *(COMMON)
 COMMON         0x2000019c        0x3 .\CortexM0\ARM_GCC_541\Debug\main.o
                0x2000019c                yellowTime
                0x2000019d                redTime
                0x2000019e                greenTime
                0x200001a0                . = ALIGN (0x8)
 *fill*         0x2000019f        0x1 
 *(.ram.b)
                0x200001a0                _end = .
                0x200001a0                __end = .
                0x200001a0                PROVIDE (end, .)
                0x200001a0                PROVIDE (__bss_end__, .)
                0x00001848                __cy_region_init_ram = LOADADDR (.data)
                0x00000088                __cy_region_init_size_ram = (_edata - ADDR (.data))
                0x00000058                __cy_region_zero_size_ram = (_end - _edata)

.heap           0x200001a0       0x80 load address 0x000018d0
                0x200001a0                . = _end
                0x20000220                . = (. + 0x80)
 *fill*         0x200001a0       0x80 
                0x20000220                __cy_heap_limit = .

.stack          0x20003800      0x800
                0x20003800                __cy_stack_limit = .
                0x20004000                . = (. + 0x800)
 *fill*         0x20003800      0x800 
                0x00000001                ASSERT ((__cy_stack_limit >= __cy_heap_limit), region RAM overflowed with stack)
                0x00000000                cy_checksum_exclude_size = (CY_APPL_LOADABLE == 0x1)?SIZEOF (.cy_checksum_exclude):0x0
                0x00000001                ASSERT ((cy_checksum_exclude_size <= CY_CHECKSUM_EXCLUDE_SIZE), CY_BOOT: Section .cy_checksum_exclude size exceedes specified limit.)
                0x0001ffc0                cyloadermeta_start = (cy_project_type_bootloader || cy_project_type_app_for_stack_and_copier)?(LENGTH (rom) - CY_METADATA_SIZE):0xf0000000

.cyloadermeta
 *(.cyloadermeta)
                0x0001ffc0                cyloadablemeta_start = cy_project_type_app_for_stack_and_copier?((LENGTH (rom) - CY_FLASH_ROW_SIZE) - CY_METADATA_SIZE):((LENGTH (rom) - (CY_FLASH_ROW_SIZE * (CY_APPL_NUM - 0x1))) - CY_METADATA_SIZE)

.cyloadablemeta
 *(.cyloadablemeta)

.cyflashprotect
                0x90400000       0x80
 *(.cyflashprotect)
 .cyflashprotect
                0x90400000       0x80 .\CortexM0\ARM_GCC_541\Debug\cymetadata.o
                0x90400000                cy_meta_flashprotect

.cymeta         0x90500000        0xc
 *(.cymeta)
 .cymeta        0x90500000        0xc .\CortexM0\ARM_GCC_541\Debug\cymetadata.o
                0x90500000                cy_metadata

.cychipprotect  0x90600000        0x1
 *(.cychipprotect)
 .cychipprotect
                0x90600000        0x1 .\CortexM0\ARM_GCC_541\Debug\cymetadata.o
                0x90600000                cy_meta_chipprotect

.rel.dyn        0x000018d0        0x0 load address 0x90600004
 .rel.iplt      0x000018d0        0x0 c:/program files (x86)/cypress/psoc creator/4.3/psoc creator/import/gnu/arm/5.4.1/bin/../lib/gcc/arm-none-eabi/5.4.1/armv6-m/crtbegin.o

.stab
 *(.stab)

.stabstr
 *(.stabstr)

.debug
 *(.debug)

.line
 *(.line)

.debug_srcinfo
 *(.debug_srcinfo)

.debug_sfnames
 *(.debug_sfnames)

.debug_aranges  0x00000000      0x9a8
 *(.debug_aranges)
 .debug_aranges
                0x00000000       0x38 .\CortexM0\ARM_GCC_541\Debug\main.o
 .debug_aranges
                0x00000038       0x40 .\CortexM0\ARM_GCC_541\Debug\cyfitter_cfg.o
 .debug_aranges
                0x00000078       0x18 .\CortexM0\ARM_GCC_541\Debug\cymetadata.o
 .debug_aranges
                0x00000090       0x48 .\CortexM0\ARM_GCC_541\Debug\Cm0Start.o
 .debug_aranges
                0x000000d8      0x158 .\CortexM0\ARM_GCC_541\Debug\Lab3.a(Timer_Counter.o)
 .debug_aranges
                0x00000230       0x80 .\CortexM0\ARM_GCC_541\Debug\Lab3.a(timer_isr.o)
 .debug_aranges
                0x000002b0       0x28 .\CortexM0\ARM_GCC_541\Debug\Lab3.a(Control_Reg.o)
 .debug_aranges
                0x000002d8       0x48 .\CortexM0\ARM_GCC_541\Debug\Lab3.a(Button.o)
 .debug_aranges
                0x00000320       0x80 .\CortexM0\ARM_GCC_541\Debug\Lab3.a(button_isr.o)
 .debug_aranges
                0x000003a0      0x1c8 .\CortexM0\ARM_GCC_541\Debug\Lab3.a(CyLib.o)
 .debug_aranges
                0x00000568      0x188 .\CortexM0\ARM_GCC_541\Debug\Lab3.a(CyLFClk.o)
 .debug_aranges
                0x000006f0       0x98 .\CortexM0\ARM_GCC_541\Debug\Lab3.a(LCD_Char.o)
 .debug_aranges
                0x00000788       0x60 .\CortexM0\ARM_GCC_541\Debug\Lab3.a(QuadDec.o)
 .debug_aranges
                0x000007e8       0x98 .\CortexM0\ARM_GCC_541\Debug\Lab3.a(QuadDec_Cnt8.o)
 .debug_aranges
                0x00000880       0x48 .\CortexM0\ARM_GCC_541\Debug\Lab3.a(Button_Encoder.o)
 .debug_aranges
                0x000008c8       0x80 .\CortexM0\ARM_GCC_541\Debug\Lab3.a(button_encoder_isr.o)
 .debug_aranges
                0x00000948       0x20 .\CortexM0\ARM_GCC_541\Debug\Lab3.a(CyBootAsmGnu.o)
 .debug_aranges
                0x00000968       0x40 .\CortexM0\ARM_GCC_541\Debug\Lab3.a(CyFlash.o)

.debug_pubnames
 *(.debug_pubnames)

.debug_info     0x00000000     0x56f9
 *(.debug_info .gnu.linkonce.wi.*)
 .debug_info    0x00000000      0xa0a .\CortexM0\ARM_GCC_541\Debug\main.o
 .debug_info    0x00000a0a      0x3bd .\CortexM0\ARM_GCC_541\Debug\cyfitter_cfg.o
 .debug_info    0x00000dc7       0xf8 .\CortexM0\ARM_GCC_541\Debug\cymetadata.o
 .debug_info    0x00000ebf      0x3a2 .\CortexM0\ARM_GCC_541\Debug\Cm0Start.o
 .debug_info    0x00001261      0x8f6 .\CortexM0\ARM_GCC_541\Debug\Lab3.a(Timer_Counter.o)
 .debug_info    0x00001b57      0x305 .\CortexM0\ARM_GCC_541\Debug\Lab3.a(timer_isr.o)
 .debug_info    0x00001e5c       0xd6 .\CortexM0\ARM_GCC_541\Debug\Lab3.a(Control_Reg.o)
 .debug_info    0x00001f32      0x19d .\CortexM0\ARM_GCC_541\Debug\Lab3.a(Button.o)
 .debug_info    0x000020cf      0x305 .\CortexM0\ARM_GCC_541\Debug\Lab3.a(button_isr.o)
 .debug_info    0x000023d4      0xd40 .\CortexM0\ARM_GCC_541\Debug\Lab3.a(CyLib.o)
 .debug_info    0x00003114     0x1058 .\CortexM0\ARM_GCC_541\Debug\Lab3.a(CyLFClk.o)
 .debug_info    0x0000416c      0x721 .\CortexM0\ARM_GCC_541\Debug\Lab3.a(LCD_Char.o)
 .debug_info    0x0000488d      0x2c7 .\CortexM0\ARM_GCC_541\Debug\Lab3.a(QuadDec.o)
 .debug_info    0x00004b54      0x328 .\CortexM0\ARM_GCC_541\Debug\Lab3.a(QuadDec_Cnt8.o)
 .debug_info    0x00004e7c      0x19d .\CortexM0\ARM_GCC_541\Debug\Lab3.a(Button_Encoder.o)
 .debug_info    0x00005019      0x305 .\CortexM0\ARM_GCC_541\Debug\Lab3.a(button_encoder_isr.o)
 .debug_info    0x0000531e       0x8b .\CortexM0\ARM_GCC_541\Debug\Lab3.a(CyBootAsmGnu.o)
 .debug_info    0x000053a9      0x350 .\CortexM0\ARM_GCC_541\Debug\Lab3.a(CyFlash.o)

.debug_abbrev   0x00000000     0x177b
 *(.debug_abbrev)
 .debug_abbrev  0x00000000      0x1d5 .\CortexM0\ARM_GCC_541\Debug\main.o
 .debug_abbrev  0x000001d5      0x1b8 .\CortexM0\ARM_GCC_541\Debug\cyfitter_cfg.o
 .debug_abbrev  0x0000038d       0x5d .\CortexM0\ARM_GCC_541\Debug\cymetadata.o
 .debug_abbrev  0x000003ea      0x1d7 .\CortexM0\ARM_GCC_541\Debug\Cm0Start.o
 .debug_abbrev  0x000005c1      0x119 .\CortexM0\ARM_GCC_541\Debug\Lab3.a(Timer_Counter.o)
 .debug_abbrev  0x000006da      0x19a .\CortexM0\ARM_GCC_541\Debug\Lab3.a(timer_isr.o)
 .debug_abbrev  0x00000874       0x81 .\CortexM0\ARM_GCC_541\Debug\Lab3.a(Control_Reg.o)
 .debug_abbrev  0x000008f5       0xc8 .\CortexM0\ARM_GCC_541\Debug\Lab3.a(Button.o)
 .debug_abbrev  0x000009bd      0x19a .\CortexM0\ARM_GCC_541\Debug\Lab3.a(button_isr.o)
 .debug_abbrev  0x00000b57      0x20b .\CortexM0\ARM_GCC_541\Debug\Lab3.a(CyLib.o)
 .debug_abbrev  0x00000d62      0x248 .\CortexM0\ARM_GCC_541\Debug\Lab3.a(CyLFClk.o)
 .debug_abbrev  0x00000faa      0x171 .\CortexM0\ARM_GCC_541\Debug\Lab3.a(LCD_Char.o)
 .debug_abbrev  0x0000111b      0x151 .\CortexM0\ARM_GCC_541\Debug\Lab3.a(QuadDec.o)
 .debug_abbrev  0x0000126c      0x117 .\CortexM0\ARM_GCC_541\Debug\Lab3.a(QuadDec_Cnt8.o)
 .debug_abbrev  0x00001383       0xc8 .\CortexM0\ARM_GCC_541\Debug\Lab3.a(Button_Encoder.o)
 .debug_abbrev  0x0000144b      0x19a .\CortexM0\ARM_GCC_541\Debug\Lab3.a(button_encoder_isr.o)
 .debug_abbrev  0x000015e5       0x14 .\CortexM0\ARM_GCC_541\Debug\Lab3.a(CyBootAsmGnu.o)
 .debug_abbrev  0x000015f9      0x182 .\CortexM0\ARM_GCC_541\Debug\Lab3.a(CyFlash.o)

.debug_line     0x00000000     0x2318
 *(.debug_line)
 .debug_line    0x00000000      0x2f6 .\CortexM0\ARM_GCC_541\Debug\main.o
 .debug_line    0x000002f6      0x17c .\CortexM0\ARM_GCC_541\Debug\cyfitter_cfg.o
 .debug_line    0x00000472      0x141 .\CortexM0\ARM_GCC_541\Debug\cymetadata.o
 .debug_line    0x000005b3      0x236 .\CortexM0\ARM_GCC_541\Debug\Cm0Start.o
 .debug_line    0x000007e9      0x381 .\CortexM0\ARM_GCC_541\Debug\Lab3.a(Timer_Counter.o)
 .debug_line    0x00000b6a      0x155 .\CortexM0\ARM_GCC_541\Debug\Lab3.a(timer_isr.o)
 .debug_line    0x00000cbf       0x74 .\CortexM0\ARM_GCC_541\Debug\Lab3.a(Control_Reg.o)
 .debug_line    0x00000d33       0xbe .\CortexM0\ARM_GCC_541\Debug\Lab3.a(Button.o)
 .debug_line    0x00000df1      0x152 .\CortexM0\ARM_GCC_541\Debug\Lab3.a(button_isr.o)
 .debug_line    0x00000f43      0x563 .\CortexM0\ARM_GCC_541\Debug\Lab3.a(CyLib.o)
 .debug_line    0x000014a6      0x5d1 .\CortexM0\ARM_GCC_541\Debug\Lab3.a(CyLFClk.o)
 .debug_line    0x00001a77      0x1eb .\CortexM0\ARM_GCC_541\Debug\Lab3.a(LCD_Char.o)
 .debug_line    0x00001c62      0x122 .\CortexM0\ARM_GCC_541\Debug\Lab3.a(QuadDec.o)
 .debug_line    0x00001d84      0x195 .\CortexM0\ARM_GCC_541\Debug\Lab3.a(QuadDec_Cnt8.o)
 .debug_line    0x00001f19       0xc6 .\CortexM0\ARM_GCC_541\Debug\Lab3.a(Button_Encoder.o)
 .debug_line    0x00001fdf      0x15e .\CortexM0\ARM_GCC_541\Debug\Lab3.a(button_encoder_isr.o)
 .debug_line    0x0000213d       0x68 .\CortexM0\ARM_GCC_541\Debug\Lab3.a(CyBootAsmGnu.o)
 .debug_line    0x000021a5      0x173 .\CortexM0\ARM_GCC_541\Debug\Lab3.a(CyFlash.o)

.debug_frame    0x00000000     0x1880
 *(.debug_frame)
 .debug_frame   0x00000000       0x90 .\CortexM0\ARM_GCC_541\Debug\main.o
 .debug_frame   0x00000090       0x98 .\CortexM0\ARM_GCC_541\Debug\cyfitter_cfg.o
 .debug_frame   0x00000128       0xbc .\CortexM0\ARM_GCC_541\Debug\Cm0Start.o
 .debug_frame   0x000001e4      0x3a0 .\CortexM0\ARM_GCC_541\Debug\Lab3.a(Timer_Counter.o)
 .debug_frame   0x00000584      0x110 .\CortexM0\ARM_GCC_541\Debug\Lab3.a(timer_isr.o)
 .debug_frame   0x00000694       0x30 .\CortexM0\ARM_GCC_541\Debug\Lab3.a(Control_Reg.o)
 .debug_frame   0x000006c4       0x70 .\CortexM0\ARM_GCC_541\Debug\Lab3.a(Button.o)
 .debug_frame   0x00000734      0x110 .\CortexM0\ARM_GCC_541\Debug\Lab3.a(button_isr.o)
 .debug_frame   0x00000844      0x48c .\CortexM0\ARM_GCC_541\Debug\Lab3.a(CyLib.o)
 .debug_frame   0x00000cd0      0x4a4 .\CortexM0\ARM_GCC_541\Debug\Lab3.a(CyLFClk.o)
 .debug_frame   0x00001174      0x1f0 .\CortexM0\ARM_GCC_541\Debug\Lab3.a(LCD_Char.o)
 .debug_frame   0x00001364       0xdc .\CortexM0\ARM_GCC_541\Debug\Lab3.a(QuadDec.o)
 .debug_frame   0x00001440      0x134 .\CortexM0\ARM_GCC_541\Debug\Lab3.a(QuadDec_Cnt8.o)
 .debug_frame   0x00001574       0x70 .\CortexM0\ARM_GCC_541\Debug\Lab3.a(Button_Encoder.o)
 .debug_frame   0x000015e4      0x110 .\CortexM0\ARM_GCC_541\Debug\Lab3.a(button_encoder_isr.o)
 .debug_frame   0x000016f4       0x90 .\CortexM0\ARM_GCC_541\Debug\Lab3.a(CyFlash.o)
 .debug_frame   0x00001784       0x20 c:/program files (x86)/cypress/psoc creator/4.3/psoc creator/import/gnu/arm/5.4.1/bin/../lib/gcc/arm-none-eabi/5.4.1/armv6-m\libgcc.a(_udivsi3.o)
 .debug_frame   0x000017a4       0x20 c:/program files (x86)/cypress/psoc creator/4.3/psoc creator/import/gnu/arm/5.4.1/bin/../lib/gcc/arm-none-eabi/5.4.1/armv6-m\libgcc.a(_divsi3.o)
 .debug_frame   0x000017c4       0x20 c:/program files (x86)/cypress/psoc creator/4.3/psoc creator/import/gnu/arm/5.4.1/bin/../lib/gcc/arm-none-eabi/5.4.1/../../../../arm-none-eabi/lib/armv6-m\libg_nano.a(lib_a-errno.o)
 .debug_frame   0x000017e4       0x28 c:/program files (x86)/cypress/psoc creator/4.3/psoc creator/import/gnu/arm/5.4.1/bin/../lib/gcc/arm-none-eabi/5.4.1/../../../../arm-none-eabi/lib/armv6-m\libg_nano.a(lib_a-exit.o)
 .debug_frame   0x0000180c       0x2c c:/program files (x86)/cypress/psoc creator/4.3/psoc creator/import/gnu/arm/5.4.1/bin/../lib/gcc/arm-none-eabi/5.4.1/../../../../arm-none-eabi/lib/armv6-m\libg_nano.a(lib_a-init.o)
 .debug_frame   0x00001838       0x28 c:/program files (x86)/cypress/psoc creator/4.3/psoc creator/import/gnu/arm/5.4.1/bin/../lib/gcc/arm-none-eabi/5.4.1/../../../../arm-none-eabi/lib/armv6-m\libg_nano.a(lib_a-memcpy-stub.o)
 .debug_frame   0x00001860       0x20 c:/program files (x86)/cypress/psoc creator/4.3/psoc creator/import/gnu/arm/5.4.1/bin/../lib/gcc/arm-none-eabi/5.4.1/../../../../arm-none-eabi/lib/armv6-m\libg_nano.a(lib_a-memset.o)

.debug_str      0x00000000     0x226a
 *(.debug_str)
 .debug_str     0x00000000      0x3f1 .\CortexM0\ARM_GCC_541\Debug\main.o
                                0x439 (size before relaxing)
 .debug_str     0x000003f1      0x124 .\CortexM0\ARM_GCC_541\Debug\cyfitter_cfg.o
                                0x2d1 (size before relaxing)
 .debug_str     0x00000515       0x59 .\CortexM0\ARM_GCC_541\Debug\cymetadata.o
                                0x1c3 (size before relaxing)
 .debug_str     0x0000056e      0x13a .\CortexM0\ARM_GCC_541\Debug\Cm0Start.o
                                0x2fc (size before relaxing)
 .debug_str     0x000006a8      0x53c .\CortexM0\ARM_GCC_541\Debug\Lab3.a(Timer_Counter.o)
                                0x6fc (size before relaxing)
 .debug_str     0x00000be4      0x124 .\CortexM0\ARM_GCC_541\Debug\Lab3.a(timer_isr.o)
                                0x31d (size before relaxing)
 .debug_str     0x00000d08       0x3e .\CortexM0\ARM_GCC_541\Debug\Lab3.a(Control_Reg.o)
                                0x1bc (size before relaxing)
 .debug_str     0x00000d46       0x93 .\CortexM0\ARM_GCC_541\Debug\Lab3.a(Button.o)
                                0x238 (size before relaxing)
 .debug_str     0x00000dd9      0x119 .\CortexM0\ARM_GCC_541\Debug\Lab3.a(button_isr.o)
                                0x32b (size before relaxing)
 .debug_str     0x00000ef2      0x5b9 .\CortexM0\ARM_GCC_541\Debug\Lab3.a(CyLib.o)
                                0x7f8 (size before relaxing)
 .debug_str     0x000014ab      0x6eb .\CortexM0\ARM_GCC_541\Debug\Lab3.a(CyLFClk.o)
                                0x918 (size before relaxing)
 .debug_str     0x00001b96      0x161 .\CortexM0\ARM_GCC_541\Debug\Lab3.a(LCD_Char.o)
                                0x38b (size before relaxing)
 .debug_str     0x00001cf7       0xfd .\CortexM0\ARM_GCC_541\Debug\Lab3.a(QuadDec.o)
                                0x30c (size before relaxing)
 .debug_str     0x00001df4      0x1a6 .\CortexM0\ARM_GCC_541\Debug\Lab3.a(QuadDec_Cnt8.o)
                                0x3cb (size before relaxing)
 .debug_str     0x00001f9a       0xa8 .\CortexM0\ARM_GCC_541\Debug\Lab3.a(Button_Encoder.o)
                                0x270 (size before relaxing)
 .debug_str     0x00002042      0x181 .\CortexM0\ARM_GCC_541\Debug\Lab3.a(button_encoder_isr.o)
                                0x39b (size before relaxing)
 .debug_str     0x000021c3       0xa7 .\CortexM0\ARM_GCC_541\Debug\Lab3.a(CyFlash.o)
                                0x2ab (size before relaxing)

.debug_loc      0x00000000     0x2791
 *(.debug_loc)
 .debug_loc     0x00000000      0x127 .\CortexM0\ARM_GCC_541\Debug\main.o
 .debug_loc     0x00000127      0x118 .\CortexM0\ARM_GCC_541\Debug\cyfitter_cfg.o
 .debug_loc     0x0000023f      0x14f .\CortexM0\ARM_GCC_541\Debug\Cm0Start.o
 .debug_loc     0x0000038e      0x547 .\CortexM0\ARM_GCC_541\Debug\Lab3.a(Timer_Counter.o)
 .debug_loc     0x000008d5       0x82 .\CortexM0\ARM_GCC_541\Debug\Lab3.a(timer_isr.o)
 .debug_loc     0x00000957       0xa2 .\CortexM0\ARM_GCC_541\Debug\Lab3.a(Button.o)
 .debug_loc     0x000009f9       0x82 .\CortexM0\ARM_GCC_541\Debug\Lab3.a(button_isr.o)
 .debug_loc     0x00000a7b      0x81c .\CortexM0\ARM_GCC_541\Debug\Lab3.a(CyLib.o)
 .debug_loc     0x00001297      0xdb7 .\CortexM0\ARM_GCC_541\Debug\Lab3.a(CyLFClk.o)
 .debug_loc     0x0000204e      0x3e3 .\CortexM0\ARM_GCC_541\Debug\Lab3.a(LCD_Char.o)
 .debug_loc     0x00002431       0x9f .\CortexM0\ARM_GCC_541\Debug\Lab3.a(QuadDec.o)
 .debug_loc     0x000024d0       0x3d .\CortexM0\ARM_GCC_541\Debug\Lab3.a(QuadDec_Cnt8.o)
 .debug_loc     0x0000250d       0xa2 .\CortexM0\ARM_GCC_541\Debug\Lab3.a(Button_Encoder.o)
 .debug_loc     0x000025af       0x82 .\CortexM0\ARM_GCC_541\Debug\Lab3.a(button_encoder_isr.o)
 .debug_loc     0x00002631      0x160 .\CortexM0\ARM_GCC_541\Debug\Lab3.a(CyFlash.o)

.debug_macinfo
 *(.debug_macinfo)

.debug_ranges   0x00000000      0x870
 *(.debug_ranges)
 .debug_ranges  0x00000000       0x28 .\CortexM0\ARM_GCC_541\Debug\main.o
 .debug_ranges  0x00000028       0x30 .\CortexM0\ARM_GCC_541\Debug\cyfitter_cfg.o
 .debug_ranges  0x00000058       0x38 .\CortexM0\ARM_GCC_541\Debug\Cm0Start.o
 .debug_ranges  0x00000090      0x148 .\CortexM0\ARM_GCC_541\Debug\Lab3.a(Timer_Counter.o)
 .debug_ranges  0x000001d8       0x70 .\CortexM0\ARM_GCC_541\Debug\Lab3.a(timer_isr.o)
 .debug_ranges  0x00000248       0x18 .\CortexM0\ARM_GCC_541\Debug\Lab3.a(Control_Reg.o)
 .debug_ranges  0x00000260       0x38 .\CortexM0\ARM_GCC_541\Debug\Lab3.a(Button.o)
 .debug_ranges  0x00000298       0x70 .\CortexM0\ARM_GCC_541\Debug\Lab3.a(button_isr.o)
 .debug_ranges  0x00000308      0x1b8 .\CortexM0\ARM_GCC_541\Debug\Lab3.a(CyLib.o)
 .debug_ranges  0x000004c0      0x178 .\CortexM0\ARM_GCC_541\Debug\Lab3.a(CyLFClk.o)
 .debug_ranges  0x00000638       0x88 .\CortexM0\ARM_GCC_541\Debug\Lab3.a(LCD_Char.o)
 .debug_ranges  0x000006c0       0x50 .\CortexM0\ARM_GCC_541\Debug\Lab3.a(QuadDec.o)
 .debug_ranges  0x00000710       0x88 .\CortexM0\ARM_GCC_541\Debug\Lab3.a(QuadDec_Cnt8.o)
 .debug_ranges  0x00000798       0x38 .\CortexM0\ARM_GCC_541\Debug\Lab3.a(Button_Encoder.o)
 .debug_ranges  0x000007d0       0x70 .\CortexM0\ARM_GCC_541\Debug\Lab3.a(button_encoder_isr.o)
 .debug_ranges  0x00000840       0x30 .\CortexM0\ARM_GCC_541\Debug\Lab3.a(CyFlash.o)

.comment        0x00000000       0x6e
 .comment       0x00000000       0x6e .\CortexM0\ARM_GCC_541\Debug\main.o
                                 0x6f (size before relaxing)
 .comment       0x0000006e       0x6f .\CortexM0\ARM_GCC_541\Debug\cyfitter_cfg.o
 .comment       0x0000006e       0x6f .\CortexM0\ARM_GCC_541\Debug\cymetadata.o
 .comment       0x0000006e       0x6f .\CortexM0\ARM_GCC_541\Debug\Cm0Start.o
 .comment       0x0000006e       0x6f .\CortexM0\ARM_GCC_541\Debug\Lab3.a(Timer_Counter.o)
 .comment       0x0000006e       0x6f .\CortexM0\ARM_GCC_541\Debug\Lab3.a(timer_isr.o)
 .comment       0x0000006e       0x6f .\CortexM0\ARM_GCC_541\Debug\Lab3.a(Control_Reg.o)
 .comment       0x0000006e       0x6f .\CortexM0\ARM_GCC_541\Debug\Lab3.a(Button.o)
 .comment       0x0000006e       0x6f .\CortexM0\ARM_GCC_541\Debug\Lab3.a(button_isr.o)
 .comment       0x0000006e       0x6f .\CortexM0\ARM_GCC_541\Debug\Lab3.a(CyLib.o)
 .comment       0x0000006e       0x6f .\CortexM0\ARM_GCC_541\Debug\Lab3.a(CyLFClk.o)
 .comment       0x0000006e       0x6f .\CortexM0\ARM_GCC_541\Debug\Lab3.a(LCD_Char.o)
 .comment       0x0000006e       0x6f .\CortexM0\ARM_GCC_541\Debug\Lab3.a(QuadDec.o)
 .comment       0x0000006e       0x6f .\CortexM0\ARM_GCC_541\Debug\Lab3.a(QuadDec_Cnt8.o)
 .comment       0x0000006e       0x6f .\CortexM0\ARM_GCC_541\Debug\Lab3.a(Button_Encoder.o)
 .comment       0x0000006e       0x6f .\CortexM0\ARM_GCC_541\Debug\Lab3.a(button_encoder_isr.o)
 .comment       0x0000006e       0x6f .\CortexM0\ARM_GCC_541\Debug\Lab3.a(CyFlash.o)

.debug_weaknames
 *(.debug_weaknames)

.debug_funcnames
 *(.debug_funcnames)

.debug_typenames
 *(.debug_typenames)

.debug_varnames
 *(.debug_varnames)

.note.gnu.arm.ident
 *(.note.gnu.arm.ident)

.ARM.attributes
                0x00000000       0x28
 *(.ARM.attributes)
 .ARM.attributes
                0x00000000       0x1e c:/program files (x86)/cypress/psoc creator/4.3/psoc creator/import/gnu/arm/5.4.1/bin/../lib/gcc/arm-none-eabi/5.4.1/armv6-m/crti.o
 .ARM.attributes
                0x0000001e       0x2c c:/program files (x86)/cypress/psoc creator/4.3/psoc creator/import/gnu/arm/5.4.1/bin/../lib/gcc/arm-none-eabi/5.4.1/armv6-m/crtbegin.o
 .ARM.attributes
                0x0000004a       0x1b c:/program files (x86)/cypress/psoc creator/4.3/psoc creator/import/gnu/arm/5.4.1/bin/../lib/gcc/arm-none-eabi/5.4.1/../../../../arm-none-eabi/lib/armv6-m/crt0.o
 .ARM.attributes
                0x00000065       0x31 .\CortexM0\ARM_GCC_541\Debug\main.o
 .ARM.attributes
                0x00000096       0x31 .\CortexM0\ARM_GCC_541\Debug\cyfitter_cfg.o
 .ARM.attributes
                0x000000c7       0x31 .\CortexM0\ARM_GCC_541\Debug\cymetadata.o
 .ARM.attributes
                0x000000f8       0x31 .\CortexM0\ARM_GCC_541\Debug\Cm0Start.o
 .ARM.attributes
                0x00000129       0x31 .\CortexM0\ARM_GCC_541\Debug\Lab3.a(Timer_Counter.o)
 .ARM.attributes
                0x0000015a       0x31 .\CortexM0\ARM_GCC_541\Debug\Lab3.a(timer_isr.o)
 .ARM.attributes
                0x0000018b       0x31 .\CortexM0\ARM_GCC_541\Debug\Lab3.a(Control_Reg.o)
 .ARM.attributes
                0x000001bc       0x31 .\CortexM0\ARM_GCC_541\Debug\Lab3.a(Button.o)
 .ARM.attributes
                0x000001ed       0x31 .\CortexM0\ARM_GCC_541\Debug\Lab3.a(button_isr.o)
 .ARM.attributes
                0x0000021e       0x31 .\CortexM0\ARM_GCC_541\Debug\Lab3.a(CyLib.o)
 .ARM.attributes
                0x0000024f       0x31 .\CortexM0\ARM_GCC_541\Debug\Lab3.a(CyLFClk.o)
 .ARM.attributes
                0x00000280       0x31 .\CortexM0\ARM_GCC_541\Debug\Lab3.a(LCD_Char.o)
 .ARM.attributes
                0x000002b1       0x31 .\CortexM0\ARM_GCC_541\Debug\Lab3.a(QuadDec.o)
 .ARM.attributes
                0x000002e2       0x31 .\CortexM0\ARM_GCC_541\Debug\Lab3.a(QuadDec_Cnt8.o)
 .ARM.attributes
                0x00000313       0x31 .\CortexM0\ARM_GCC_541\Debug\Lab3.a(Button_Encoder.o)
 .ARM.attributes
                0x00000344       0x31 .\CortexM0\ARM_GCC_541\Debug\Lab3.a(button_encoder_isr.o)
 .ARM.attributes
                0x00000375       0x21 .\CortexM0\ARM_GCC_541\Debug\Lab3.a(CyBootAsmGnu.o)
 .ARM.attributes
                0x00000396       0x31 .\CortexM0\ARM_GCC_541\Debug\Lab3.a(CyFlash.o)
 .ARM.attributes
                0x000003c7       0x1e c:/program files (x86)/cypress/psoc creator/4.3/psoc creator/import/gnu/arm/5.4.1/bin/../lib/gcc/arm-none-eabi/5.4.1/armv6-m\libgcc.a(_udivsi3.o)
 .ARM.attributes
                0x000003e5       0x1e c:/program files (x86)/cypress/psoc creator/4.3/psoc creator/import/gnu/arm/5.4.1/bin/../lib/gcc/arm-none-eabi/5.4.1/armv6-m\libgcc.a(_divsi3.o)
 .ARM.attributes
                0x00000403       0x1e c:/program files (x86)/cypress/psoc creator/4.3/psoc creator/import/gnu/arm/5.4.1/bin/../lib/gcc/arm-none-eabi/5.4.1/armv6-m\libgcc.a(_dvmd_tls.o)
 .ARM.attributes
                0x00000421       0x2c c:/program files (x86)/cypress/psoc creator/4.3/psoc creator/import/gnu/arm/5.4.1/bin/../lib/gcc/arm-none-eabi/5.4.1/../../../../arm-none-eabi/lib/armv6-m\libg_nano.a(lib_a-errno.o)
 .ARM.attributes
                0x0000044d       0x2c c:/program files (x86)/cypress/psoc creator/4.3/psoc creator/import/gnu/arm/5.4.1/bin/../lib/gcc/arm-none-eabi/5.4.1/../../../../arm-none-eabi/lib/armv6-m\libg_nano.a(lib_a-exit.o)
 .ARM.attributes
                0x00000479       0x2c c:/program files (x86)/cypress/psoc creator/4.3/psoc creator/import/gnu/arm/5.4.1/bin/../lib/gcc/arm-none-eabi/5.4.1/../../../../arm-none-eabi/lib/armv6-m\libg_nano.a(lib_a-impure.o)
 .ARM.attributes
                0x000004a5       0x2c c:/program files (x86)/cypress/psoc creator/4.3/psoc creator/import/gnu/arm/5.4.1/bin/../lib/gcc/arm-none-eabi/5.4.1/../../../../arm-none-eabi/lib/armv6-m\libg_nano.a(lib_a-init.o)
 .ARM.attributes
                0x000004d1       0x2c c:/program files (x86)/cypress/psoc creator/4.3/psoc creator/import/gnu/arm/5.4.1/bin/../lib/gcc/arm-none-eabi/5.4.1/../../../../arm-none-eabi/lib/armv6-m\libg_nano.a(lib_a-memcpy-stub.o)
 .ARM.attributes
                0x000004fd       0x2c c:/program files (x86)/cypress/psoc creator/4.3/psoc creator/import/gnu/arm/5.4.1/bin/../lib/gcc/arm-none-eabi/5.4.1/../../../../arm-none-eabi/lib/armv6-m\libg_nano.a(lib_a-memset.o)
 .ARM.attributes
                0x00000529       0x2c c:/program files (x86)/cypress/psoc creator/4.3/psoc creator/import/gnu/arm/5.4.1/bin/../lib/gcc/arm-none-eabi/5.4.1/armv6-m/crtend.o
 .ARM.attributes
                0x00000555       0x1e c:/program files (x86)/cypress/psoc creator/4.3/psoc creator/import/gnu/arm/5.4.1/bin/../lib/gcc/arm-none-eabi/5.4.1/armv6-m/crtn.o

/DISCARD/
 *(.note.GNU-stack)
OUTPUT(C:\Users\Admin\Documents\PSoC Creator\Workspace01\Lab3.cydsn\CortexM0\ARM_GCC_541\Debug\Lab3.elf elf32-littlearm)
